Component: ARM Compiler 5.06 update 1 (build 61) Tool: armlink [4d35a8]

==============================================================================

Section Cross References

    startup_stm32f10x_md.o(RESET) refers to startup_stm32f10x_md.o(STACK) for __initial_sp
    startup_stm32f10x_md.o(RESET) refers to startup_stm32f10x_md.o(.text) for Reset_Handler
    startup_stm32f10x_md.o(RESET) refers to stm32f10x_it.o(.text) for NMI_Handler
    startup_stm32f10x_md.o(RESET) refers to port.o(.emb_text) for SVC_Handler
    startup_stm32f10x_md.o(RESET) refers to delay.o(.text) for SysTick_Handler
    startup_stm32f10x_md.o(RESET) refers to bsp_adc.o(.text) for ADC1_2_IRQHandler
    startup_stm32f10x_md.o(RESET) refers to capture.o(.text) for TIM2_IRQHandler
    startup_stm32f10x_md.o(RESET) refers to usart.o(.text) for USART1_IRQHandler
    startup_stm32f10x_md.o(.text) refers to system_stm32f10x.o(.text) for SystemInit
    startup_stm32f10x_md.o(.text) refers to entry.o(.ARM.Collect$$$$00000000) for __main
    system_stm32f10x.o(.text) refers to system_stm32f10x.o(.data) for SystemCoreClock
    stm32f10x_adc.o(.text) refers to stm32f10x_rcc.o(.text) for RCC_APB2PeriphResetCmd
    stm32f10x_gpio.o(.text) refers to stm32f10x_rcc.o(.text) for RCC_APB2PeriphResetCmd
    stm32f10x_i2c.o(.text) refers to stm32f10x_rcc.o(.text) for RCC_APB1PeriphResetCmd
    stm32f10x_rcc.o(.text) refers to stm32f10x_rcc.o(.data) for APBAHBPrescTable
    stm32f10x_tim.o(.text) refers to stm32f10x_rcc.o(.text) for RCC_APB2PeriphResetCmd
    stm32f10x_usart.o(.text) refers to stm32f10x_rcc.o(.text) for RCC_APB2PeriphResetCmd
    main.o(.text) refers to tasks.o(.text) for vTaskDelay
    main.o(.text) refers to ms4525do.o(.text) for MS4525DO_ReadData
    main.o(.text) refers to f2d.o(.text) for __aeabi_f2d
    main.o(.text) refers to printfa.o(i.__0sprintf) for __2sprintf
    main.o(.text) refers to oled.o(.text) for OLED_ShowNum
    main.o(.text) refers to stm32f10x_gpio.o(.text) for GPIO_SetBits
    main.o(.text) refers to port.o(.text) for vPortEnterCritical
    main.o(.text) refers to system_stm32f10x.o(.text) for SystemInit
    main.o(.text) refers to delay.o(.text) for delay_init
    main.o(.text) refers to misc.o(.text) for NVIC_PriorityGroupConfig
    main.o(.text) refers to usart.o(.text) for USART1_Init
    main.o(.text) refers to printfa.o(i.__0printf) for __2printf
    main.o(.text) refers to main.o(.data) for MS4525_Data
    bsp_adc.o(.text) refers to stm32f10x_rcc.o(.text) for RCC_APB2PeriphClockCmd
    bsp_adc.o(.text) refers to stm32f10x_gpio.o(.text) for GPIO_Init
    bsp_adc.o(.text) refers to stm32f10x_adc.o(.text) for ADC_Init
    bsp_adc.o(.text) refers to misc.o(.text) for NVIC_Init
    bsp_adc.o(.text) refers to bsp_adc.o(.data) for ADC_ConvertedValue1
    bsp_usart.o(.text) refers to misc.o(.text) for NVIC_PriorityGroupConfig
    bsp_usart.o(.text) refers to stm32f10x_rcc.o(.text) for RCC_APB2PeriphClockCmd
    bsp_usart.o(.text) refers to stm32f10x_gpio.o(.text) for GPIO_Init
    bsp_usart.o(.text) refers to stm32f10x_usart.o(.text) for USART_Init
    pwm.o(.text) refers to stm32f10x_rcc.o(.text) for RCC_APB1PeriphClockCmd
    pwm.o(.text) refers to stm32f10x_gpio.o(.text) for GPIO_Init
    pwm.o(.text) refers to stm32f10x_tim.o(.text) for TIM_TimeBaseInit
    tim.o(.text) refers to misc.o(.text) for NVIC_Init
    tim.o(.text) refers to stm32f10x_rcc.o(.text) for RCC_APB1PeriphClockCmd
    tim.o(.text) refers to stm32f10x_tim.o(.text) for TIM_TimeBaseInit
    tim.o(.text) refers to cfrcmple.o(.text) for __aeabi_cfrcmple
    tim.o(.text) refers to cfcmple.o(.text) for __aeabi_cfcmple
    tim.o(.text) refers to ffixi.o(.text) for __aeabi_f2iz
    delay.o(.text) refers to tasks.o(.text) for xTaskGetSchedulerState
    delay.o(.text) refers to port.o(.text) for xPortSysTickHandler
    delay.o(.text) refers to misc.o(.text) for SysTick_CLKSourceConfig
    delay.o(.text) refers to delay.o(.data) for fac_us
    delay.o(.text) refers to system_stm32f10x.o(.data) for SystemCoreClock
    usart.o(.text) refers to printfa.o(i.__0vsnprintf) for __c89vsnprintf
    usart.o(.text) refers to stm32f10x_usart.o(.text) for USART_SendData
    usart.o(.text) refers to strlen.o(.text) for strlen
    usart.o(.text) refers to stm32f10x_rcc.o(.text) for RCC_APB2PeriphClockCmd
    usart.o(.text) refers to stm32f10x_gpio.o(.text) for GPIO_Init
    usart.o(.text) refers to misc.o(.text) for NVIC_Init
    sys.o(.text) refers to stm32f10x_rcc.o(.text) for RCC_DeInit
    sys.o(.text) refers to stm32f10x_flash.o(.text) for FLASH_SetLatency
    capture.o(.text) refers to stm32f10x_rcc.o(.text) for RCC_APB1PeriphClockCmd
    capture.o(.text) refers to stm32f10x_tim.o(.text) for TIM_TimeBaseInit
    capture.o(.text) refers to stm32f10x_gpio.o(.text) for GPIO_Init
    capture.o(.text) refers to misc.o(.text) for NVIC_PriorityGroupConfig
[...]
    ..\..\User\sys\sys.c                     0x00000000   Number         0  sys.o ABSOLUTE
    ..\..\User\tim\tim.c                     0x00000000   Number         0  tim.o ABSOLUTE
    ..\..\User\usart\bsp_usart.c             0x00000000   Number         0  bsp_usart.o ABSOLUTE
    ..\..\User\usart\usart.c                 0x00000000   Number         0  usart.o ABSOLUTE
    ..\\..\\Libraries\\CMSIS\\core_cm3.c     0x00000000   Number         0  core_cm3.o ABSOLUTE
    ..\\..\\User\\FreeRTOS\\portable\\RVDS\\ARM_CM3\\port.c 0x00000000   Number         0  port.o ABSOLUTE
    ..\\..\\User\\sys\\sys.c                 0x00000000   Number         0  sys.o ABSOLUTE
    cdcmple.s                                0x00000000   Number         0  cdcmple.o ABSOLUTE
    cdrcmple.s                               0x00000000   Number         0  cdrcmple.o ABSOLUTE
    cfcmple.s                                0x00000000   Number         0  cfcmple.o ABSOLUTE
    cfrcmple.s                               0x00000000   Number         0  cfrcmple.o ABSOLUTE
    dc.s                                     0x00000000   Number         0  dc.o ABSOLUTE
    handlers.s                               0x00000000   Number         0  handlers.o ABSOLUTE
    init.s                                   0x00000000   Number         0  init.o ABSOLUTE
    RESET                                    0x08000000   Section      236  startup_stm32f10x_md.o(RESET)
    .ARM.Collect$$$$00000000                 0x080000ec   Section        0  entry.o(.ARM.Collect$$$$00000000)
    .ARM.Collect$$$$00000001                 0x080000ec   Section        4  entry2.o(.ARM.Collect$$$$00000001)
    .ARM.Collect$$$$00000004                 0x080000f0   Section        4  entry5.o(.ARM.Collect$$$$00000004)
    .ARM.Collect$$$$00000008                 0x080000f4   Section        0  entry7b.o(.ARM.Collect$$$$00000008)
    .ARM.Collect$$$$0000000A                 0x080000f4   Section        0  entry8b.o(.ARM.Collect$$$$0000000A)
    .ARM.Collect$$$$0000000B                 0x080000f4   Section        8  entry9a.o(.ARM.Collect$$$$0000000B)
    .ARM.Collect$$$$0000000D                 0x080000fc   Section        0  entry10a.o(.ARM.Collect$$$$0000000D)
    .ARM.Collect$$$$0000000F                 0x080000fc   Section        0  entry11a.o(.ARM.Collect$$$$0000000F)
    .ARM.Collect$$$$00002712                 0x080000fc   Section        4  entry2.o(.ARM.Collect$$$$00002712)
    __lit__00000000                          0x080000fc   Data           4  entry2.o(.ARM.Collect$$$$00002712)
    .emb_text                                0x08000100   Section      150  port.o(.emb_text)
    .text                                    0x08000198   Section       36  startup_stm32f10x_md.o(.text)
    .text                                    0x080001bc   Section        0  system_stm32f10x.o(.text)
    SetSysClockTo72                          0x080001bd   Thumb Code   214  system_stm32f10x.o(.text)
    SetSysClock                              0x08000293   Thumb Code     8  system_stm32f10x.o(.text)
    .text                                    0x0800039c   Section        0  misc.o(.text)
    .text                                    0x08000478   Section        0  stm32f10x_adc.o(.text)
    .text                                    0x080008c8   Section        0  stm32f10x_gpio.o(.text)
    .text                                    0x08000c24   Section        0  stm32f10x_rcc.o(.text)
    .text                                    0x08000fc8   Section        0  stm32f10x_tim.o(.text)
    TI4_Config                               0x0800146f   Thumb Code   130  stm32f10x_tim.o(.text)
    TI3_Config                               0x08001503   Thumb Code   122  stm32f10x_tim.o(.text)
    TI2_Config                               0x08001597   Thumb Code   130  stm32f10x_tim.o(.text)
    TI1_Config                               0x0800162b   Thumb Code   108  stm32f10x_tim.o(.text)
    .text                                    0x08001de4   Section        0  stm32f10x_usart.o(.text)
    .text                                    0x080021ec   Section        0  main.o(.text)
    .text                                    0x080023bc   Section        0  stm32f10x_it.o(.text)
    .text                                    0x080023d0   Section        0  bsp_adc.o(.text)
    ADCx_GPIO_Config                         0x080023d1   Thumb Code    32  bsp_adc.o(.text)
    ADCx_Mode_Config                         0x080023f1   Thumb Code   230  bsp_adc.o(.text)
    ADC_NVIC_Config                          0x080024d7   Thumb Code    30  bsp_adc.o(.text)
    .text                                    0x08002560   Section        0  bsp_usart.o(.text)
    NVIC_Configuration                       0x08002561   Thumb Code    38  bsp_usart.o(.text)
    .text                                    0x08002704   Section        0  delay.o(.text)
    .text                                    0x08002868   Section        0  usart.o(.text)
    .text                                    0x08002980   Section        0  capture.o(.text)
    .text                                    0x08002b38   Section        0  list.o(.text)
    .text                                    0x08002bcc   Section        0  queue.o(.text)
    prvInitialiseNewQueue                    0x08002c55   Thumb Code    46  queue.o(.text)
    prvCopyDataToQueue                       0x08002cd1   Thumb Code   124  queue.o(.text)
    prvNotifyQueueSetContainer               0x08002d4d   Thumb Code   124  queue.o(.text)
    prvUnlockQueue                           0x08002dc9   Thumb Code   146  queue.o(.text)
    prvIsQueueFull                           0x08002e5b   Thumb Code    30  queue.o(.text)
    prvInitialiseMutex                       0x08003049   Thumb Code    28  queue.o(.text)
    prvIsQueueEmpty                          0x080030c9   Thumb Code    26  queue.o(.text)
    prvCopyDataFromQueue                     0x080030e3   Thumb Code    42  queue.o(.text)
    .text                                    0x080038e0   Section        0  tasks.o(.text)
    prvInitialiseTaskLists                   0x080038e1   Thumb Code    70  tasks.o(.text)
    prvAddNewTaskToReadyList                 0x08003927   Thumb Code   156  tasks.o(.text)
    prvInitialiseNewTask                     0x080039c3   Thumb Code   170  tasks.o(.text)
    prvResetNextTaskUnblockTime              0x08003acd   Thumb Code    42  tasks.o(.text)
    prvDeleteTCB                             0x08003af7   Thumb Code    18  tasks.o(.text)
    prvAddCurrentTaskToDelayedList           0x08003e33   Thumb Code   124  tasks.o(.text)
    prvTaskIsTaskSuspended                   0x080042f3   Thumb Code    76  tasks.o(.text)
    prvCheckTasksWaitingTermination          0x08004451   Thumb Code    86  tasks.o(.text)
    prvIdleTask                              0x080044a7   Thumb Code    32  tasks.o(.text)
    prvTaskCheckFreeStackSpace               0x080045e5   Thumb Code    22  tasks.o(.text)
    prvListTasksWithinSingleList             0x0800466d   Thumb Code   106  tasks.o(.text)
    prvWriteNameToBuffer                     0x08004b97   Thumb Code    42  tasks.o(.text)
    .text                                    0x08005108   Section        0  timers.o(.text)
    prvInsertTimerInActiveList               0x08005109   Thumb Code    80  timers.o(.text)
    prvSwitchTimerLists                      0x080051cf   Thumb Code   140  timers.o(.text)
    prvSampleTimeNow                         0x0800525b   Thumb Code    40  timers.o(.text)
    prvProcessReceivedCommands               0x08005283   Thumb Code   254  timers.o(.text)
    prvProcessExpiredTimer                   0x08005381   Thumb Code    84  timers.o(.text)
    prvProcessTimerOrBlockTask               0x080053d5   Thumb Code   102  timers.o(.text)
    prvGetNextExpireTime                     0x0800543b   Thumb Code    36  timers.o(.text)
    prvTimerTask                             0x0800545f   Thumb Code    26  timers.o(.text)
    prvCheckForValidListAndQueue             0x08005479   Thumb Code    72  timers.o(.text)
    prvInitialiseNewTimer                    0x080054f9   Thumb Code   174  timers.o(.text)
    .text                                    0x08005750   Section        0  port.o(.text)
    prvTaskExitError                         0x08005751   Thumb Code    48  port.o(.text)
    .text                                    0x080059c4   Section        0  heap_4.o(.text)
    prvInsertBlockIntoFreeList               0x080059c5   Thumb Code    96  heap_4.o(.text)
    prvHeapInit                              0x08005a25   Thumb Code    98  heap_4.o(.text)
    .text                                    0x08005c6c   Section        0  oled.o(.text)
    .text                                    0x08006210   Section        0  ioi2c.o(.text)
    .text                                    0x0800643c   Section        0  ms4525do.o(.text)
    .text                                    0x08006704   Section        0  memcpya.o(.text)
    .text                                    0x08006728   Section        0  memseta.o(.text)
    .text                                    0x0800674c   Section        0  strlen.o(.text)
    .text                                    0x0800675a   Section        0  strcpy.o(.text)
    .text                                    0x0800676c   Section        0  fadd.o(.text)
    .text                                    0x0800681c   Section        0  fmul.o(.text)
    .text                                    0x08006880   Section        0  dadd.o(.text)
    .text                                    0x080069ce   Section        0  dmul.o(.text)
    .text                                    0x08006ab2   Section        0  ddiv.o(.text)
    .text                                    0x08006b90   Section        0  ffltui.o(.text)
    .text                                    0x08006b9a   Section        0  dfltui.o(.text)
    .text                                    0x08006bb4   Section        0  f2d.o(.text)
    .text                                    0x08006bda   Section        0  d2f.o(.text)
    .text                                    0x08006c12   Section        0  uidiv.o(.text)
    .text                                    0x08006c3e   Section        0  uldiv.o(.text)
    .text                                    0x08006ca0   Section        0  llshl.o(.text)
    .text                                    0x08006cbe   Section        0  llsshr.o(.text)
    .text                                    0x08006ce2   Section        0  iusefp.o(.text)
    .text                                    0x08006ce2   Section        0  fepilogue.o(.text)
    .text                                    0x08006d50   Section        0  depilogue.o(.text)
    .text                                    0x08006e0a   Section        0  dsqrt.o(.text)
    .text                                    0x08006eac   Section        0  dfixul.o(.text)
    .text                                    0x08006edc   Section       48  cdrcmple.o(.text)
    .text                                    0x08006f0c   Section       36  init.o(.text)
    .text                                    0x08006f30   Section        0  llushr.o(.text)
    .text                                    0x08006f50   Section        0  __dczerorl2.o(.text)
    i.__0printf                              0x08006fa8   Section        0  printfa.o(i.__0printf)
    i.__0sprintf                             0x08006fc8   Section        0  printfa.o(i.__0sprintf)
    i.__0vsnprintf                           0x08006ff0   Section        0  printfa.o(i.__0vsnprintf)
    i.__scatterload_copy                     0x08007014   Section       14  handlers.o(i.__scatterload_copy)
    i.__scatterload_null                     0x08007022   Section        2  handlers.o(i.__scatterload_null)
    i.__scatterload_zeroinit                 0x08007024   Section       14  handlers.o(i.__scatterload_zeroinit)
    i.__set_errno                            0x08007034   Section        0  errno.o(i.__set_errno)
    i._fp_digits                             0x08007040   Section        0  printfa.o(i._fp_digits)
    _fp_digits                               0x08007041   Thumb Code   334  printfa.o(i._fp_digits)
    i._printf_core                           0x080071a4   Section        0  printfa.o(i._printf_core)
    _printf_core                             0x080071a5   Thumb Code  1744  printfa.o(i._printf_core)
    i._printf_post_padding                   0x08007880   Section        0  printfa.o(i._printf_post_padding)
    _printf_post_padding                     0x08007881   Thumb Code    36  printfa.o(i._printf_post_padding)
    i._printf_pre_padding                    0x080078a4   Section        0  printfa.o(i._printf_pre_padding)
    _printf_pre_padding                      0x080078a5   Thumb Code    46  printfa.o(i._printf_pre_padding)
    i._snputc                                0x080078d2   Section        0  printfa.o(i._snputc)
    _snputc                                  0x080078d3   Thumb Code    22  printfa.o(i._snputc)
    i._sputc                                 0x080078e8   Section        0  printfa.o(i._sputc)
    _sputc                                   0x080078e9   Thumb Code    10  printfa.o(i._sputc)
    i.sqrt                                   0x080078f2   Section        0  sqrt.o(i.sqrt)
    .constdata                               0x0800793e   Section     2072  oled.o(.constdata)
    .data                                    0x20000000   Section       20  system_stm32f10x.o(.data)
    .data                                    0x20000014   Section       20  stm32f10x_rcc.o(.data)
    APBAHBPrescTable                         0x20000014   Data          16  stm32f10x_rcc.o(.data)
    ADCPrescTable                            0x20000024   Data           4  stm32f10x_rcc.o(.data)
    .data                                    0x20000028   Section     2088  main.o(.data)
    .data                                    0x20000850   Section        4  bsp_adc.o(.data)
    .data                                    0x20000854   Section        4  delay.o(.data)
    fac_us                                   0x20000854   Data           1  delay.o(.data)
    fac_ms                                   0x20000856   Data           2  delay.o(.data)
    .data                                    0x20000858   Section        6  usart.o(.data)
    .data                                    0x2000085e   Section        4  capture.o(.data)
    .data                                    0x20000864   Section       60  tasks.o(.data)
    pxDelayedTaskList                        0x20000868   Data           4  tasks.o(.data)
    pxOverflowDelayedTaskList                0x2000086c   Data           4  tasks.o(.data)
    uxDeletedTasksWaitingCleanUp             0x20000870   Data           4  tasks.o(.data)
    uxCurrentNumberOfTasks                   0x20000874   Data           4  tasks.o(.data)
    xTickCount                               0x20000878   Data           4  tasks.o(.data)
    uxTopReadyPriority                       0x2000087c   Data           4  tasks.o(.data)
    xSchedulerRunning                        0x20000880   Data           4  tasks.o(.data)
    uxPendedTicks                            0x20000884   Data           4  tasks.o(.data)
    xYieldPending                            0x20000888   Data           4  tasks.o(.data)
    xNumOfOverflows                          0x2000088c   Data           4  tasks.o(.data)
    uxTaskNumber                             0x20000890   Data           4  tasks.o(.data)
    xNextTaskUnblockTime                     0x20000894   Data           4  tasks.o(.data)
    xIdleTaskHandle                          0x20000898   Data           4  tasks.o(.data)
    uxSchedulerSuspended                     0x2000089c   Data           4  tasks.o(.data)
    .data                                    0x200008a0   Section       20  timers.o(.data)
    pxCurrentTimerList                       0x200008a0   Data           4  timers.o(.data)
    pxOverflowTimerList                      0x200008a4   Data           4  timers.o(.data)
    xTimerQueue                              0x200008a8   Data           4  timers.o(.data)
    xTimerTaskHandle                         0x200008ac   Data           4  timers.o(.data)
    xLastTime                                0x200008b0   Data           4  timers.o(.data)
    .data                                    0x200008b4   Section       12  port.o(.data)
    uxCriticalNesting                        0x200008b4   Data           4  port.o(.data)
    ucMaxSysCallPriority                     0x200008b8   Data           1  port.o(.data)
    ulMaxPRIGROUPValue                       0x200008bc   Data           4  port.o(.data)
    .data                                    0x200008c0   Section       24  heap_4.o(.data)
    xStart                                   0x200008c0   Data           8  heap_4.o(.data)
    pxEnd                                    0x200008c8   Data           4  heap_4.o(.data)
    xFreeBytesRemaining                      0x200008cc   Data           4  heap_4.o(.data)
    xMinimumEverFreeBytesRemaining           0x200008d0   Data           4  heap_4.o(.data)
    xBlockAllocatedBit                       0x200008d4   Data           4  heap_4.o(.data)
    .data                                    0x200008d8   Section     1216  oled.o(.data)
    .data                                    0x20000d98   Section       20  ms4525do.o(.data)
    .data                                    0x20000dac   Section        4  errno.o(.data)
    _errno                                   0x20000dac   Data           4  errno.o(.data)
    .bss                                     0x20000db0   Section       64  queue.o(.bss)
    .bss                                     0x20000df0   Section      740  tasks.o(.bss)
    pxReadyTasksLists                        0x20000df0   Data         640  tasks.o(.bss)
    xDelayedTaskList1                        0x20001070   Data          20  tasks.o(.bss)
    xDelayedTaskList2                        0x20001084   Data          20  tasks.o(.bss)
    xPendingReadyList                        0x20001098   Data          20  tasks.o(.bss)
    xTasksWaitingTermination                 0x200010ac   Data          20  tasks.o(.bss)
    xSuspendedTaskList                       0x200010c0   Data          20  tasks.o(.bss)
    .bss                                     0x200010d4   Section       40  timers.o(.bss)
    xActiveTimerList1                        0x200010d4   Data          20  timers.o(.bss)
    xActiveTimerList2                        0x200010e8   Data          20  timers.o(.bss)
    .bss                                     0x200010fc   Section    10240  heap_4.o(.bss)
    ucHeap                                   0x200010fc   Data       10240  heap_4.o(.bss)
    .bss                                     0x200038fc   Section     1800  ms4525do.o(.bss)
    STACK                                    0x20004008   Section     1024  startup_stm32f10x_md.o(STACK)

    Global Symbols

    Symbol Name                              Value     Ov Type        Size  Object(Section)

    BuildAttributes$$THM_ISAv4$P$D$K$B$S$PE$A:L22UL41UL21$X:L11$S22US41US21$IEEE1$IW$USESV6$~STKCKD$USESV7$~SHL$OTIME$ROPI$IEEEJ$EBA8$MICROLIB$REQ8$PRES8$EABIv2 0x00000000   Number         0  anon$$obj.o ABSOLUTE
    __ARM_use_no_argv                        0x00000000   Number         0  main.o ABSOLUTE
    __use_no_errno                           0x00000000   Number         0  useno.o ABSOLUTE
    __use_no_exception_handling              0x00000000   Number         0  useno.o ABSOLUTE
    __use_no_fp                              0x00000000   Number         0  useno.o ABSOLUTE
    __use_no_heap                            0x00000000   Number         0  useno.o ABSOLUTE
    __use_no_heap_region                     0x00000000   Number         0  useno.o ABSOLUTE
    __use_no_semihosting                     0x00000000   Number         0  useno.o ABSOLUTE
    __use_no_semihosting_swi                 0x00000000   Number         0  useno.o ABSOLUTE
    __use_no_signal_handling                 0x00000000   Number         0  useno.o ABSOLUTE
    _printf_a                                0x00000000   Number         0  stubs.o ABSOLUTE
    _printf_c                                0x00000000   Number         0  stubs.o ABSOLUTE
    _printf_charcount                        0x00000000   Number         0  stubs.o ABSOLUTE
    _printf_d                                0x00000000   Number         0  stubs.o ABSOLUTE
    _printf_e                                0x00000000   Number         0  stubs.o ABSOLUTE
    _printf_f                                0x00000000   Number         0  stubs.o ABSOLUTE
    _printf_flags                            0x00000000   Number         0  stubs.o ABSOLUTE
    _printf_fp_dec                           0x00000000   Number         0  stubs.o ABSOLUTE
    _printf_fp_hex                           0x00000000   Number         0  stubs.o ABSOLUTE
    _printf_g                                0x00000000   Number         0  stubs.o ABSOLUTE
    _printf_i                                0x00000000   Number         0  stubs.o ABSOLUTE
    _printf_int_dec                          0x00000000   Number         0  stubs.o ABSOLUTE
    _printf_l                                0x00000000   Number         0  stubs.o ABSOLUTE
    _printf_lc                               0x00000000   Number         0  stubs.o ABSOLUTE
    _printf_ll                               0x00000000   Number         0  stubs.o ABSOLUTE
    _printf_lld                              0x00000000   Number         0  stubs.o ABSOLUTE
    _printf_lli                              0x00000000   Number         0  stubs.o ABSOLUTE
    _printf_llo                              0x00000000   Number         0  stubs.o ABSOLUTE
    _printf_llu                              0x00000000   Number         0  stubs.o ABSOLUTE
    _printf_llx                              0x00000000   Number         0  stubs.o ABSOLUTE
    _printf_longlong_dec                     0x00000000   Number         0  stubs.o ABSOLUTE
    _printf_longlong_hex                     0x00000000   Number         0  stubs.o ABSOLUTE
    _printf_longlong_oct                     0x00000000   Number         0  stubs.o ABSOLUTE
    _printf_ls                               0x00000000   Number         0  stubs.o ABSOLUTE
    _printf_mbtowc                           0x00000000   Number         0  stubs.o ABSOLUTE
    _printf_n                                0x00000000   Number         0  stubs.o ABSOLUTE
    _printf_o                                0x00000000   Number         0  stubs.o ABSOLUTE
    _printf_p                                0x00000000   Number         0  stubs.o ABSOLUTE
    _printf_percent                          0x00000000   Number         0  stubs.o ABSOLUTE
    _printf_pre_padding                      0x00000000   Number         0  stubs.o ABSOLUTE
    _printf_return_value                     0x00000000   Number         0  stubs.o ABSOLUTE
    _printf_s                                0x00000000   Number         0  stubs.o ABSOLUTE
    _printf_sizespec                         0x00000000   Number         0  stubs.o ABSOLUTE
    _printf_str                              0x00000000   Number         0  stubs.o ABSOLUTE
    _printf_truncate_signed                  0x00000000   Number         0  stubs.o ABSOLUTE
    _printf_truncate_unsigned                0x00000000   Number         0  stubs.o ABSOLUTE
    _printf_u                                0x00000000   Number         0  stubs.o ABSOLUTE
    _printf_wc                               0x00000000   Number         0  stubs.o ABSOLUTE
    _printf_wctomb                           0x00000000   Number         0  stubs.o ABSOLUTE
    _printf_widthprec                        0x00000000   Number         0  stubs.o ABSOLUTE
    _printf_x                                0x00000000   Number         0  stubs.o ABSOLUTE
    __cpp_initialize__aeabi_                  - Undefined Weak Reference
    __cxa_finalize                            - Undefined Weak Reference
    _clock_init                               - Undefined Weak Reference
    _microlib_exit                            - Undefined Weak Reference
    __Vectors_Size                           0x000000ec   Number         0  startup_stm32f10x_md.o ABSOLUTE
    __Vectors                                0x08000000   Data           4  startup_stm32f10x_md.o(RESET)
    __Vectors_End                            0x080000ec   Data           0  startup_stm32f10x_md.o(RESET)
    __main                                   0x080000ed   Thumb Code     0  entry.o(.ARM.Collect$$$$00000000)
    _main_stk                                0x080000ed   Thumb Code     0  entry2.o(.ARM.Collect$$$$00000001)
    _main_scatterload                        0x080000f1   Thumb Code     0  entry5.o(.ARM.Collect$$$$00000004)
    __main_after_scatterload                 0x080000f5   Thumb Code     0  entry5.o(.ARM.Collect$$$$00000004)
    _main_clock                              0x080000f5   Thumb Code     0  entry7b.o(.ARM.Collect$$$$00000008)
    _main_cpp_init                           0x080000f5   Thumb Code     0  entry8b.o(.ARM.Collect$$$$0000000A)
    _main_init                               0x080000f5   Thumb Code     0  entry9a.o(.ARM.Collect$$$$0000000B)
    __rt_final_cpp                           0x080000fd   Thumb Code     0  entry10a.o(.ARM.Collect$$$$0000000D)
    __rt_final_exit                          0x080000fd   Thumb Code     0  entry11a.o(.ARM.Collect$$$$0000000F)
    SVC_Handler                              0x08000101   Thumb Code    32  port.o(.emb_text)
    __asm___6_port_c_39a90d8d__prvStartFirstTask 0x08000125   Thumb Code    28  port.o(.emb_text)
    PendSV_Handler                           0x08000145   Thumb Code    72  port.o(.emb_text)
    vPortGetIPSR                             0x08000191   Thumb Code     6  port.o(.emb_text)
    Reset_Handler                            0x08000199   Thumb Code     8  startup_stm32f10x_md.o(.text)
    CAN1_RX1_IRQHandler                      0x080001b3   Thumb Code     0  startup_stm32f10x_md.o(.text)
    CAN1_SCE_IRQHandler                      0x080001b3   Thumb Code     0  startup_stm32f10x_md.o(.text)
    DMA1_Channel1_IRQHandler                 0x080001b3   Thumb Code     0  startup_stm32f10x_md.o(.text)
    DMA1_Channel2_IRQHandler                 0x080001b3   Thumb Code     0  startup_stm32f10x_md.o(.text)
    DMA1_Channel3_IRQHandler                 0x080001b3   Thumb Code     0  startup_stm32f10x_md.o(.text)
    DMA1_Channel4_IRQHandler                 0x080001b3   Thumb Code     0  startup_stm32f10x_md.o(.text)
    DMA1_Channel5_IRQHandler                 0x080001b3   Thumb Code     0  startup_stm32f10x_md.o(.text)
    DMA1_Channel6_IRQHandler                 0x080001b3   Thumb Code     0  startup_stm32f10x_md.o(.text)
    DMA1_Channel7_IRQHandler                 0x080001b3   Thumb Code     0  startup_stm32f10x_md.o(.text)
    EXTI0_IRQHandler                         0x080001b3   Thumb Code     0  startup_stm32f10x_md.o(.text)
    EXTI15_10_IRQHandler                     0x080001b3   Thumb Code     0  startup_stm32f10x_md.o(.text)
    EXTI1_IRQHandler                         0x080001b3   Thumb Code     0  startup_stm32f10x_md.o(.text)
    EXTI2_IRQHandler                         0x080001b3   Thumb Code     0  startup_stm32f10x_md.o(.text)
    EXTI3_IRQHandler                         0x080001b3   Thumb Code     0  startup_stm32f10x_md.o(.text)
    EXTI4_IRQHandler                         0x080001b3   Thumb Code     0  startup_stm32f10x_md.o(.text)
    EXTI9_5_IRQHandler                       0x080001b3   Thumb Code     0  startup_stm32f10x_md.o(.text)
    FLASH_IRQHandler                         0x080001b3   Thumb Code     0  startup_stm32f10x_md.o(.text)
    I2C1_ER_IRQHandler                       0x080001b3   Thumb Code     0  startup_stm32f10x_md.o(.text)
    I2C1_EV_IRQHandler                       0x080001b3   Thumb Code     0  startup_stm32f10x_md.o(.text)
    I2C2_ER_IRQHandler                       0x080001b3   Thumb Code     0  startup_stm32f10x_md.o(.text)
    I2C2_EV_IRQHandler                       0x080001b3   Thumb Code     0  startup_stm32f10x_md.o(.text)
    PVD_IRQHandler                           0x080001b3   Thumb Code     0  startup_stm32f10x_md.o(.text)
    RCC_IRQHandler                           0x080001b3   Thumb Code     0  startup_stm32f10x_md.o(.text)
    RTCAlarm_IRQHandler                      0x080001b3   Thumb Code     0  startup_stm32f10x_md.o(.text)
    RTC_IRQHandler                           0x080001b3   Thumb Code     0  startup_stm32f10x_md.o(.text)
    SPI1_IRQHandler                          0x080001b3   Thumb Code     0  startup_stm32f10x_md.o(.text)
    SPI2_IRQHandler                          0x080001b3   Thumb Code     0  startup_stm32f10x_md.o(.text)
    TAMPER_IRQHandler                        0x080001b3   Thumb Code     0  startup_stm32f10x_md.o(.text)
    TIM1_BRK_IRQHandler                      0x080001b3   Thumb Code     0  startup_stm32f10x_md.o(.text)
    TIM1_CC_IRQHandler                       0x080001b3   Thumb Code     0  startup_stm32f10x_md.o(.text)
    TIM1_TRG_COM_IRQHandler                  0x080001b3   Thumb Code     0  startup_stm32f10x_md.o(.text)
    TIM1_UP_IRQHandler                       0x080001b3   Thumb Code     0  startup_stm32f10x_md.o(.text)
    TIM3_IRQHandler                          0x080001b3   Thumb Code     0  startup_stm32f10x_md.o(.text)
    TIM4_IRQHandler                          0x080001b3   Thumb Code     0  startup_stm32f10x_md.o(.text)
    USART2_IRQHandler                        0x080001b3   Thumb Code     0  startup_stm32f10x_md.o(.text)
    USART3_IRQHandler                        0x080001b3   Thumb Code     0  startup_stm32f10x_md.o(.text)
    USBWakeUp_IRQHandler                     0x080001b3   Thumb Code     0  startup_stm32f10x_md.o(.text)
    USB_HP_CAN1_TX_IRQHandler                0x080001b3   Thumb Code     0  startup_stm32f10x_md.o(.text)
    USB_LP_CAN1_RX0_IRQHandler               0x080001b3   Thumb Code     0  startup_stm32f10x_md.o(.text)
    WWDG_IRQHandler                          0x080001b3   Thumb Code     0  startup_stm32f10x_md.o(.text)
    SystemInit                               0x0800029b   Thumb Code    78  system_stm32f10x.o(.text)
    SystemCoreClockUpdate                    0x080002e9   Thumb Code   142  system_stm32f10x.o(.text)
    NVIC_PriorityGroupConfig                 0x0800039d   Thumb Code    10  misc.o(.text)
    NVIC_Init                                0x080003a7   Thumb Code   100  misc.o(.text)
    NVIC_SetVectorTable                      0x0800040b   Thumb Code    14  misc.o(.text)
    NVIC_SystemLPConfig                      0x08000419   Thumb Code    34  misc.o(.text)
    SysTick_CLKSourceConfig                  0x0800043b   Thumb Code    40  misc.o(.text)
    ADC_DeInit                               0x08000479   Thumb Code    78  stm32f10x_adc.o(.text)
    ADC_Init                                 0x080004c7   Thumb Code    70  stm32f10x_adc.o(.text)
    ADC_StructInit                           0x0800050d   Thumb Code    18  stm32f10x_adc.o(.text)
    ADC_Cmd                                  0x0800051f   Thumb Code    22  stm32f10x_adc.o(.text)
    ADC_DMACmd                               0x08000535   Thumb Code    22  stm32f10x_adc.o(.text)
    ADC_ITConfig                             0x0800054b   Thumb Code    24  stm32f10x_adc.o(.text)
    ADC_ResetCalibration                     0x08000563   Thumb Code    10  stm32f10x_adc.o(.text)
    ADC_GetResetCalibrationStatus            0x0800056d   Thumb Code    20  stm32f10x_adc.o(.text)
    ADC_StartCalibration                     0x08000581   Thumb Code    10  stm32f10x_adc.o(.text)
    ADC_GetCalibrationStatus                 0x0800058b   Thumb Code    20  stm32f10x_adc.o(.text)
    ADC_SoftwareStartConvCmd                 0x0800059f   Thumb Code    22  stm32f10x_adc.o(.text)
    ADC_GetSoftwareStartConvStatus           0x080005b5   Thumb Code    20  stm32f10x_adc.o(.text)
    ADC_DiscModeChannelCountConfig           0x080005c9   Thumb Code    24  stm32f10x_adc.o(.text)
    ADC_DiscModeCmd                          0x080005e1   Thumb Code    22  stm32f10x_adc.o(.text)
    ADC_RegularChannelConfig                 0x080005f7   Thumb Code   184  stm32f10x_adc.o(.text)
    ADC_ExternalTrigConvCmd                  0x080006af   Thumb Code    22  stm32f10x_adc.o(.text)
    ADC_GetConversionValue                   0x080006c5   Thumb Code     8  stm32f10x_adc.o(.text)
    ADC_GetDualModeConversionValue           0x080006cd   Thumb Code     8  stm32f10x_adc.o(.text)
    ADC_AutoInjectedConvCmd                  0x080006d5   Thumb Code    22  stm32f10x_adc.o(.text)
    ADC_InjectedDiscModeCmd                  0x080006eb   Thumb Code    22  stm32f10x_adc.o(.text)
    ADC_ExternalTrigInjectedConvConfig       0x08000701   Thumb Code    16  stm32f10x_adc.o(.text)
    ADC_ExternalTrigInjectedConvCmd          0x08000711   Thumb Code    22  stm32f10x_adc.o(.text)
    ADC_SoftwareStartInjectedConvCmd         0x08000727   Thumb Code    22  stm32f10x_adc.o(.text)
    ADC_GetSoftwareStartInjectedConvCmdStatus 0x0800073d   Thumb Code    20  stm32f10x_adc.o(.text)
    ADC_InjectedChannelConfig                0x08000751   Thumb Code   130  stm32f10x_adc.o(.text)
    ADC_InjectedSequencerLengthConfig        0x080007d3   Thumb Code    24  stm32f10x_adc.o(.text)
    ADC_SetInjectedOffset                    0x080007eb   Thumb Code    20  stm32f10x_adc.o(.text)
    ADC_GetInjectedConversionValue           0x080007ff   Thumb Code    28  stm32f10x_adc.o(.text)
    ADC_AnalogWatchdogCmd                    0x0800081b   Thumb Code    16  stm32f10x_adc.o(.text)
    ADC_AnalogWatchdogThresholdsConfig       0x0800082b   Thumb Code     6  stm32f10x_adc.o(.text)
    ADC_AnalogWatchdogSingleChannelConfig    0x08000831   Thumb Code    16  stm32f10x_adc.o(.text)
    ADC_TempSensorVrefintCmd                 0x08000841   Thumb Code    64  stm32f10x_adc.o(.text)
    ADC_GetFlagStatus                        0x08000881   Thumb Code    18  stm32f10x_adc.o(.text)
    ADC_ClearFlag                            0x08000893   Thumb Code     6  stm32f10x_adc.o(.text)
    ADC_GetITStatus                          0x08000899   Thumb Code    36  stm32f10x_adc.o(.text)
    ADC_ClearITPendingBit                    0x080008bd   Thumb Code    10  stm32f10x_adc.o(.text)
    GPIO_DeInit                              0x080008c9   Thumb Code   172  stm32f10x_gpio.o(.text)
    GPIO_AFIODeInit                          0x08000975   Thumb Code    20  stm32f10x_gpio.o(.text)
    GPIO_Init                                0x08000989   Thumb Code   278  stm32f10x_gpio.o(.text)
    GPIO_StructInit                          0x08000a9f   Thumb Code    16  stm32f10x_gpio.o(.text)
    GPIO_ReadInputDataBit                    0x08000aaf   Thumb Code    18  stm32f10x_gpio.o(.text)
    GPIO_ReadInputData                       0x08000ac1   Thumb Code     8  stm32f10x_gpio.o(.text)
    GPIO_ReadOutputDataBit                   0x08000ac9   Thumb Code    18  stm32f10x_gpio.o(.text)
    GPIO_ReadOutputData                      0x08000adb   Thumb Code     8  stm32f10x_gpio.o(.text)
    GPIO_SetBits                             0x08000ae3   Thumb Code     4  stm32f10x_gpio.o(.text)
    GPIO_ResetBits                           0x08000ae7   Thumb Code     4  stm32f10x_gpio.o(.text)
    GPIO_WriteBit                            0x08000aeb   Thumb Code    10  stm32f10x_gpio.o(.text)
    GPIO_Write                               0x08000af5   Thumb Code     4  stm32f10x_gpio.o(.text)
    GPIO_PinLockConfig                       0x08000af9   Thumb Code    18  stm32f10x_gpio.o(.text)
    GPIO_EventOutputConfig                   0x08000b0b   Thumb Code    26  stm32f10x_gpio.o(.text)
    GPIO_EventOutputCmd                      0x08000b25   Thumb Code     6  stm32f10x_gpio.o(.text)
    GPIO_PinRemapConfig                      0x08000b2b   Thumb Code   138  stm32f10x_gpio.o(.text)
    GPIO_EXTILineConfig                      0x08000bb5   Thumb Code    66  stm32f10x_gpio.o(.text)
    GPIO_ETH_MediaInterfaceConfig            0x08000bf7   Thumb Code     8  stm32f10x_gpio.o(.text)
    RCC_DeInit                               0x08000c25   Thumb Code    64  stm32f10x_rcc.o(.text)
    RCC_HSEConfig                            0x08000c65   Thumb Code    70  stm32f10x_rcc.o(.text)
    RCC_GetFlagStatus                        0x08000cab   Thumb Code    56  stm32f10x_rcc.o(.text)
    RCC_WaitForHSEStartUp                    0x08000ce3   Thumb Code    56  stm32f10x_rcc.o(.text)
    RCC_AdjustHSICalibrationValue            0x08000d1b   Thumb Code    20  stm32f10x_rcc.o(.text)
    RCC_HSICmd                               0x08000d2f   Thumb Code     6  stm32f10x_rcc.o(.text)
    RCC_PLLConfig                            0x08000d35   Thumb Code    24  stm32f10x_rcc.o(.text)
    RCC_PLLCmd                               0x08000d4d   Thumb Code     6  stm32f10x_rcc.o(.text)
    RCC_SYSCLKConfig                         0x08000d53   Thumb Code    18  stm32f10x_rcc.o(.text)
    RCC_GetSYSCLKSource                      0x08000d65   Thumb Code    10  stm32f10x_rcc.o(.text)
    RCC_HCLKConfig                           0x08000d6f   Thumb Code    18  stm32f10x_rcc.o(.text)
    RCC_PCLK1Config                          0x08000d81   Thumb Code    18  stm32f10x_rcc.o(.text)
    RCC_PCLK2Config                          0x08000d93   Thumb Code    20  stm32f10x_rcc.o(.text)
    RCC_ITConfig                             0x08000da7   Thumb Code    26  stm32f10x_rcc.o(.text)
    RCC_USBCLKConfig                         0x08000dc1   Thumb Code     8  stm32f10x_rcc.o(.text)
    RCC_ADCCLKConfig                         0x08000dc9   Thumb Code    18  stm32f10x_rcc.o(.text)
    RCC_LSEConfig                            0x08000ddb   Thumb Code    50  stm32f10x_rcc.o(.text)
    RCC_LSICmd                               0x08000e0d   Thumb Code     6  stm32f10x_rcc.o(.text)
    RCC_RTCCLKConfig                         0x08000e13   Thumb Code    12  stm32f10x_rcc.o(.text)
    RCC_RTCCLKCmd                            0x08000e1f   Thumb Code     8  stm32f10x_rcc.o(.text)
    RCC_GetClocksFreq                        0x08000e27   Thumb Code   192  stm32f10x_rcc.o(.text)
    RCC_AHBPeriphClockCmd                    0x08000ee7   Thumb Code    26  stm32f10x_rcc.o(.text)
    RCC_APB2PeriphClockCmd                   0x08000f01   Thumb Code    26  stm32f10x_rcc.o(.text)
    RCC_APB1PeriphClockCmd                   0x08000f1b   Thumb Code    26  stm32f10x_rcc.o(.text)
    RCC_APB2PeriphResetCmd                   0x08000f35   Thumb Code    26  stm32f10x_rcc.o(.text)
    RCC_APB1PeriphResetCmd                   0x08000f4f   Thumb Code    26  stm32f10x_rcc.o(.text)
    RCC_BackupResetCmd                       0x08000f69   Thumb Code     8  stm32f10x_rcc.o(.text)
    RCC_ClockSecuritySystemCmd               0x08000f71   Thumb Code     6  stm32f10x_rcc.o(.text)
    RCC_MCOConfig                            0x08000f77   Thumb Code     6  stm32f10x_rcc.o(.text)
    RCC_ClearFlag                            0x08000f7d   Thumb Code    14  stm32f10x_rcc.o(.text)
    RCC_GetITStatus                          0x08000f8b   Thumb Code    20  stm32f10x_rcc.o(.text)
    RCC_ClearITPendingBit                    0x08000f9f   Thumb Code     6  stm32f10x_rcc.o(.text)
    TIM_DeInit                               0x08000fc9   Thumb Code   424  stm32f10x_tim.o(.text)
    TIM_TimeBaseInit                         0x08001171   Thumb Code   122  stm32f10x_tim.o(.text)
    TIM_OC1Init                              0x080011eb   Thumb Code   132  stm32f10x_tim.o(.text)
    TIM_OC2Init                              0x0800126f   Thumb Code   154  stm32f10x_tim.o(.text)
    TIM_OC3Init                              0x08001309   Thumb Code   150  stm32f10x_tim.o(.text)
    TIM_OC4Init                              0x0800139f   Thumb Code   182  stm32f10x_tim.o(.text)
    TIM_SetIC4Prescaler                      0x08001455   Thumb Code    26  stm32f10x_tim.o(.text)
    TIM_SetIC3Prescaler                      0x080014f1   Thumb Code    18  stm32f10x_tim.o(.text)
    TIM_SetIC2Prescaler                      0x0800157d   Thumb Code    26  stm32f10x_tim.o(.text)
    TIM_SetIC1Prescaler                      0x08001619   Thumb Code    18  stm32f10x_tim.o(.text)
    TIM_ICInit                               0x08001697   Thumb Code   150  stm32f10x_tim.o(.text)
    TIM_PWMIConfig                           0x0800172d   Thumb Code   124  stm32f10x_tim.o(.text)
    TIM_BDTRConfig                           0x080017a9   Thumb Code    32  stm32f10x_tim.o(.text)
    TIM_TimeBaseStructInit                   0x080017c9   Thumb Code    18  stm32f10x_tim.o(.text)
    TIM_OCStructInit                         0x080017db   Thumb Code    20  stm32f10x_tim.o(.text)
    TIM_ICStructInit                         0x080017ef   Thumb Code    18  stm32f10x_tim.o(.text)
    TIM_BDTRStructInit                       0x08001801   Thumb Code    40  stm32f10x_tim.o(.text)
    TIM_Cmd                                  0x08001829   Thumb Code    24  stm32f10x_tim.o(.text)
    TIM_CtrlPWMOutputs                       0x08001841   Thumb Code    30  stm32f10x_tim.o(.text)
    TIM_ITConfig                             0x0800185f   Thumb Code    18  stm32f10x_tim.o(.text)
    TIM_GenerateEvent                        0x08001871   Thumb Code     4  stm32f10x_tim.o(.text)
    TIM_DMAConfig                            0x08001875   Thumb Code    10  stm32f10x_tim.o(.text)
    TIM_DMACmd                               0x0800187f   Thumb Code    18  stm32f10x_tim.o(.text)
    TIM_InternalClockConfig                  0x08001891   Thumb Code    12  stm32f10x_tim.o(.text)
    TIM_SelectInputTrigger                   0x0800189d   Thumb Code    18  stm32f10x_tim.o(.text)
    TIM_ITRxExternalClockConfig              0x080018af   Thumb Code    24  stm32f10x_tim.o(.text)
    TIM_TIxExternalClockConfig               0x080018c7   Thumb Code    62  stm32f10x_tim.o(.text)
    TIM_ETRConfig                            0x08001905   Thumb Code    28  stm32f10x_tim.o(.text)
    TIM_ETRClockMode1Config                  0x08001921   Thumb Code    54  stm32f10x_tim.o(.text)
    TIM_ETRClockMode2Config                  0x08001957   Thumb Code    32  stm32f10x_tim.o(.text)
    TIM_PrescalerConfig                      0x08001977   Thumb Code     6  stm32f10x_tim.o(.text)
    TIM_CounterModeConfig                    0x0800197d   Thumb Code    18  stm32f10x_tim.o(.text)
    TIM_EncoderInterfaceConfig               0x0800198f   Thumb Code    66  stm32f10x_tim.o(.text)
    TIM_ForcedOC1Config                      0x080019d1   Thumb Code    18  stm32f10x_tim.o(.text)
    TIM_ForcedOC2Config                      0x080019e3   Thumb Code    26  stm32f10x_tim.o(.text)
    TIM_ForcedOC3Config                      0x080019fd   Thumb Code    18  stm32f10x_tim.o(.text)
    TIM_ForcedOC4Config                      0x08001a0f   Thumb Code    26  stm32f10x_tim.o(.text)
    TIM_ARRPreloadConfig                     0x08001a29   Thumb Code    24  stm32f10x_tim.o(.text)
    TIM_SelectCOM                            0x08001a41   Thumb Code    24  stm32f10x_tim.o(.text)
    TIM_SelectCCDMA                          0x08001a59   Thumb Code    24  stm32f10x_tim.o(.text)
    TIM_CCPreloadControl                     0x08001a71   Thumb Code    24  stm32f10x_tim.o(.text)
    TIM_OC1PreloadConfig                     0x08001a89   Thumb Code    18  stm32f10x_tim.o(.text)
    TIM_OC2PreloadConfig                     0x08001a9b   Thumb Code    26  stm32f10x_tim.o(.text)
    TIM_OC3PreloadConfig                     0x08001ab5   Thumb Code    18  stm32f10x_tim.o(.text)
    TIM_OC4PreloadConfig                     0x08001ac7   Thumb Code    26  stm32f10x_tim.o(.text)
    TIM_OC1FastConfig                        0x08001ae1   Thumb Code    18  stm32f10x_tim.o(.text)
    TIM_OC2FastConfig                        0x08001af3   Thumb Code    26  stm32f10x_tim.o(.text)
    TIM_OC3FastConfig                        0x08001b0d   Thumb Code    18  stm32f10x_tim.o(.text)
    TIM_OC4FastConfig                        0x08001b1f   Thumb Code    26  stm32f10x_tim.o(.text)
    TIM_ClearOC1Ref                          0x08001b39   Thumb Code    18  stm32f10x_tim.o(.text)
    TIM_ClearOC2Ref                          0x08001b4b   Thumb Code    24  stm32f10x_tim.o(.text)
    TIM_ClearOC3Ref                          0x08001b63   Thumb Code    18  stm32f10x_tim.o(.text)
    TIM_ClearOC4Ref                          0x08001b75   Thumb Code    24  stm32f10x_tim.o(.text)
    TIM_OC1PolarityConfig                    0x08001b8d   Thumb Code    18  stm32f10x_tim.o(.text)
    TIM_OC1NPolarityConfig                   0x08001b9f   Thumb Code    18  stm32f10x_tim.o(.text)
    TIM_OC2PolarityConfig                    0x08001bb1   Thumb Code    26  stm32f10x_tim.o(.text)
    TIM_OC2NPolarityConfig                   0x08001bcb   Thumb Code    26  stm32f10x_tim.o(.text)
    TIM_OC3PolarityConfig                    0x08001be5   Thumb Code    26  stm32f10x_tim.o(.text)
    TIM_OC3NPolarityConfig                   0x08001bff   Thumb Code    26  stm32f10x_tim.o(.text)
    TIM_OC4PolarityConfig                    0x08001c19   Thumb Code    26  stm32f10x_tim.o(.text)
    TIM_CCxCmd                               0x08001c33   Thumb Code    30  stm32f10x_tim.o(.text)
    TIM_CCxNCmd                              0x08001c51   Thumb Code    30  stm32f10x_tim.o(.text)
    TIM_SelectOCxM                           0x08001c6f   Thumb Code    82  stm32f10x_tim.o(.text)
    TIM_UpdateDisableConfig                  0x08001cc1   Thumb Code    24  stm32f10x_tim.o(.text)
    TIM_UpdateRequestConfig                  0x08001cd9   Thumb Code    24  stm32f10x_tim.o(.text)
    TIM_SelectHallSensor                     0x08001cf1   Thumb Code    24  stm32f10x_tim.o(.text)
    TIM_SelectOnePulseMode                   0x08001d09   Thumb Code    18  stm32f10x_tim.o(.text)
    TIM_SelectOutputTrigger                  0x08001d1b   Thumb Code    18  stm32f10x_tim.o(.text)
    TIM_SelectSlaveMode                      0x08001d2d   Thumb Code    18  stm32f10x_tim.o(.text)
    TIM_SelectMasterSlaveMode                0x08001d3f   Thumb Code    18  stm32f10x_tim.o(.text)
    TIM_SetCounter                           0x08001d51   Thumb Code     4  stm32f10x_tim.o(.text)
    TIM_SetAutoreload                        0x08001d55   Thumb Code     4  stm32f10x_tim.o(.text)
    TIM_SetCompare1                          0x08001d59   Thumb Code     4  stm32f10x_tim.o(.text)
    TIM_SetCompare2                          0x08001d5d   Thumb Code     4  stm32f10x_tim.o(.text)
    TIM_SetCompare3                          0x08001d61   Thumb Code     4  stm32f10x_tim.o(.text)
    TIM_SetCompare4                          0x08001d65   Thumb Code     6  stm32f10x_tim.o(.text)
    TIM_SetClockDivision                     0x08001d6b   Thumb Code    18  stm32f10x_tim.o(.text)
    TIM_GetCapture1                          0x08001d7d   Thumb Code     6  stm32f10x_tim.o(.text)
    TIM_GetCapture2                          0x08001d83   Thumb Code     6  stm32f10x_tim.o(.text)
    TIM_GetCapture3                          0x08001d89   Thumb Code     6  stm32f10x_tim.o(.text)
    TIM_GetCapture4                          0x08001d8f   Thumb Code     8  stm32f10x_tim.o(.text)
    TIM_GetCounter                           0x08001d97   Thumb Code     6  stm32f10x_tim.o(.text)
    TIM_GetPrescaler                         0x08001d9d   Thumb Code     6  stm32f10x_tim.o(.text)
    TIM_GetFlagStatus                        0x08001da3   Thumb Code    18  stm32f10x_tim.o(.text)
    TIM_ClearFlag                            0x08001db5   Thumb Code     6  stm32f10x_tim.o(.text)
    TIM_GetITStatus                          0x08001dbb   Thumb Code    34  stm32f10x_tim.o(.text)
    TIM_ClearITPendingBit                    0x08001ddd   Thumb Code     6  stm32f10x_tim.o(.text)
    USART_DeInit                             0x08001de5   Thumb Code   134  stm32f10x_usart.o(.text)
    USART_Init                               0x08001e6b   Thumb Code   210  stm32f10x_usart.o(.text)
    USART_StructInit                         0x08001f3d   Thumb Code    24  stm32f10x_usart.o(.text)
    USART_ClockInit                          0x08001f55   Thumb Code    34  stm32f10x_usart.o(.text)
    USART_ClockStructInit                    0x08001f77   Thumb Code    12  stm32f10x_usart.o(.text)
    USART_Cmd                                0x08001f83   Thumb Code    24  stm32f10x_usart.o(.text)
    USART_ITConfig                           0x08001f9b   Thumb Code    74  stm32f10x_usart.o(.text)
    USART_DMACmd                             0x08001fe5   Thumb Code    18  stm32f10x_usart.o(.text)
    USART_SetAddress                         0x08001ff7   Thumb Code    18  stm32f10x_usart.o(.text)
    USART_WakeUpConfig                       0x08002009   Thumb Code    18  stm32f10x_usart.o(.text)
    USART_ReceiverWakeUpCmd                  0x0800201b   Thumb Code    24  stm32f10x_usart.o(.text)
    USART_LINBreakDetectLengthConfig         0x08002033   Thumb Code    18  stm32f10x_usart.o(.text)
    USART_LINCmd                             0x08002045   Thumb Code    24  stm32f10x_usart.o(.text)
    USART_SendData                           0x0800205d   Thumb Code     8  stm32f10x_usart.o(.text)
    USART_ReceiveData                        0x08002065   Thumb Code    10  stm32f10x_usart.o(.text)
    USART_SendBreak                          0x0800206f   Thumb Code    10  stm32f10x_usart.o(.text)
    USART_SetGuardTime                       0x08002079   Thumb Code    16  stm32f10x_usart.o(.text)
    USART_SetPrescaler                       0x08002089   Thumb Code    16  stm32f10x_usart.o(.text)
    USART_SmartCardCmd                       0x08002099   Thumb Code    24  stm32f10x_usart.o(.text)
    USART_SmartCardNACKCmd                   0x080020b1   Thumb Code    24  stm32f10x_usart.o(.text)
    USART_HalfDuplexCmd                      0x080020c9   Thumb Code    24  stm32f10x_usart.o(.text)
    USART_OverSampling8Cmd                   0x080020e1   Thumb Code    22  stm32f10x_usart.o(.text)
    USART_OneBitMethodCmd                    0x080020f7   Thumb Code    24  stm32f10x_usart.o(.text)
    USART_IrDAConfig                         0x0800210f   Thumb Code    18  stm32f10x_usart.o(.text)
    USART_IrDACmd                            0x08002121   Thumb Code    24  stm32f10x_usart.o(.text)
    USART_GetFlagStatus                      0x08002139   Thumb Code    26  stm32f10x_usart.o(.text)
    USART_ClearFlag                          0x08002153   Thumb Code    18  stm32f10x_usart.o(.text)
    USART_GetITStatus                        0x08002165   Thumb Code    84  stm32f10x_usart.o(.text)
    USART_ClearITPendingBit                  0x080021b9   Thumb Code    52  stm32f10x_usart.o(.text)
    task3_task                               0x080021ed   Thumb Code    10  main.o(.text)
    task2_task                               0x080021f7   Thumb Code   104  main.o(.text)
    task1_task                               0x0800225f   Thumb Code    36  main.o(.text)
    start_task                               0x08002283   Thumb Code    88  main.o(.text)
    main                                     0x080022db   Thumb Code    96  main.o(.text)
    NMI_Handler                              0x080023bd   Thumb Code     2  stm32f10x_it.o(.text)
    HardFault_Handler                        0x080023bf   Thumb Code     4  stm32f10x_it.o(.text)
    MemManage_Handler                        0x080023c3   Thumb Code     4  stm32f10x_it.o(.text)
    BusFault_Handler                         0x080023c7   Thumb Code     4  stm32f10x_it.o(.text)
    UsageFault_Handler                       0x080023cb   Thumb Code     4  stm32f10x_it.o(.text)
    DebugMon_Handler                         0x080023cf   Thumb Code     2  stm32f10x_it.o(.text)
    ADCx_Init                                0x080024f5   Thumb Code    16  bsp_adc.o(.text)
    ADC1_2_IRQHandler                        0x08002505   Thumb Code    72  bsp_adc.o(.text)
    USART_Config                             0x08002587   Thumb Code   136  bsp_usart.o(.text)
    Usart_SendByte                           0x0800260f   Thumb Code    30  bsp_usart.o(.text)
    Usart_SendArray                          0x0800262d   Thumb Code    48  bsp_usart.o(.text)
    Usart_SendString                         0x0800265d   Thumb Code    42  bsp_usart.o(.text)
    Usart_SendHalfWord                       0x08002687   Thumb Code    60  bsp_usart.o(.text)
    fputc                                    0x080026c3   Thumb Code    32  bsp_usart.o(.text)
    fgetc                                    0x080026e3   Thumb Code    26  bsp_usart.o(.text)
    Delay_us                                 0x08002705   Thumb Code    46  delay.o(.text)
    delay_us                                 0x08002733   Thumb Code    68  delay.o(.text)
    Delay_ms                                 0x08002777   Thumb Code    26  delay.o(.text)
    delay_ms                                 0x08002791   Thumb Code    60  delay.o(.text)
    Delay_s                                  0x080027cd   Thumb Code    26  delay.o(.text)
    SysTick_Handler                          0x080027e7   Thumb Code    16  delay.o(.text)
    delay_init                               0x080027f7   Thumb Code    74  delay.o(.text)
    delay_xms                                0x08002841   Thumb Code    24  delay.o(.text)
    _sys_exit                                0x08002869   Thumb Code     6  usart.o(.text)
    USART1_printf                            0x0800286f   Thumb Code    82  usart.o(.text)
    USART1_Init                              0x080028c1   Thumb Code   150  usart.o(.text)
    USART1_IRQHandler                        0x08002957   Thumb Code    34  usart.o(.text)
    Time_Cap_Init                            0x08002981   Thumb Code   186  capture.o(.text)
    TIM2_IRQHandler                          0x08002a3b   Thumb Code   202  capture.o(.text)
    UpdateCapture                            0x08002b05   Thumb Code    38  capture.o(.text)
    vListInitialise                          0x08002b39   Thumb Code    26  list.o(.text)
    vListInitialiseItem                      0x08002b53   Thumb Code     6  list.o(.text)
    vListInsertEnd                           0x08002b59   Thumb Code    24  list.o(.text)
    vListInsert                              0x08002b71   Thumb Code    52  list.o(.text)
    uxListRemove                             0x08002ba5   Thumb Code    40  list.o(.text)
    xQueueGenericReset                       0x08002bcd   Thumb Code   136  queue.o(.text)
    xQueueGenericCreate                      0x08002c83   Thumb Code    78  queue.o(.text)
    xQueueGenericSend                        0x08002e79   Thumb Code   464  queue.o(.text)
    xQueueCreateMutex                        0x08003065   Thumb Code    34  queue.o(.text)
    xQueueGiveMutexRecursive                 0x08003087   Thumb Code    66  queue.o(.text)
    xQueueGenericReceive                     0x0800310d   Thumb Code   428  queue.o(.text)
    xQueueTakeMutexRecursive                 0x080032b9   Thumb Code    76  queue.o(.text)
    xQueueCreateCountingSemaphore            0x08003305   Thumb Code    80  queue.o(.text)
    xQueueGenericSendFromISR                 0x08003355   Thumb Code   252  queue.o(.text)
    xQueueGiveFromISR                        0x08003451   Thumb Code   228  queue.o(.text)
    xQueueReceiveFromISR                     0x08003535   Thumb Code   190  queue.o(.text)
    xQueuePeekFromISR                        0x080035f3   Thumb Code   158  queue.o(.text)
    uxQueueMessagesWaiting                   0x08003691   Thumb Code    36  queue.o(.text)
    uxQueueSpacesAvailable                   0x080036b5   Thumb Code    42  queue.o(.text)
    uxQueueMessagesWaitingFromISR            0x080036df   Thumb Code    28  queue.o(.text)
    vQueueUnregisterQueue                    0x080036fb   Thumb Code    44  queue.o(.text)
    vQueueDelete                             0x08003727   Thumb Code    38  queue.o(.text)
    uxQueueGetQueueNumber                    0x0800374d   Thumb Code     6  queue.o(.text)
    vQueueSetQueueNumber                     0x08003753   Thumb Code     4  queue.o(.text)
    ucQueueGetQueueType                      0x08003757   Thumb Code     8  queue.o(.text)
    xQueueIsQueueEmptyFromISR                0x0800375f   Thumb Code    36  queue.o(.text)
    xQueueIsQueueFullFromISR                 0x08003783   Thumb Code    40  queue.o(.text)
    vQueueAddToRegistry                      0x080037ab   Thumb Code    38  queue.o(.text)
    pcQueueGetName                           0x080037d1   Thumb Code    38  queue.o(.text)
    vQueueWaitForMessageRestricted           0x080037f7   Thumb Code    74  queue.o(.text)
    xQueueCreateSet                          0x08003841   Thumb Code    20  queue.o(.text)
    xQueueAddToSet                           0x08003855   Thumb Code    38  queue.o(.text)
    xQueueRemoveFromSet                      0x0800387b   Thumb Code    48  queue.o(.text)
    xQueueSelectFromSet                      0x080038ab   Thumb Code    26  queue.o(.text)
    xQueueSelectFromSetFromISR               0x080038c5   Thumb Code    22  queue.o(.text)
    xTaskCreate                              0x08003a6d   Thumb Code    96  tasks.o(.text)
    vTaskDelete                              0x08003b09   Thumb Code   192  tasks.o(.text)
    xTaskIncrementTick                       0x08003bc9   Thumb Code   400  tasks.o(.text)
    xTaskResumeAll                           0x08003d59   Thumb Code   218  tasks.o(.text)
    vTaskSuspendAll                          0x08003eaf   Thumb Code    12  tasks.o(.text)
    vTaskDelayUntil                          0x08003ebb   Thumb Code   182  tasks.o(.text)
    vTaskDelay                               0x08003f71   Thumb Code    76  tasks.o(.text)
    eTaskGetState                            0x08003fbd   Thumb Code   106  tasks.o(.text)
    uxTaskPriorityGet                        0x08004027   Thumb Code    30  tasks.o(.text)
    uxTaskPriorityGetFromISR                 0x08004045   Thumb Code    62  tasks.o(.text)
    vTaskPrioritySet                         0x08004083   Thumb Code   320  tasks.o(.text)
    vTaskSwitchContext                       0x080041c3   Thumb Code   114  tasks.o(.text)
    vTaskSuspend                             0x08004235   Thumb Code   190  tasks.o(.text)
    vTaskResume                              0x0800433f   Thumb Code   122  tasks.o(.text)
    xTaskResumeFromISR                       0x080043b9   Thumb Code   152  tasks.o(.text)
    vTaskStartScheduler                      0x080044c7   Thumb Code   112  tasks.o(.text)
    vTaskEndScheduler                        0x08004537   Thumb Code    32  tasks.o(.text)
    xTaskGetTickCount                        0x08004557   Thumb Code     6  tasks.o(.text)
    xTaskGetTickCountFromISR                 0x0800455d   Thumb Code    16  tasks.o(.text)
    uxTaskGetNumberOfTasks                   0x0800456d   Thumb Code     6  tasks.o(.text)
    pcTaskGetName                            0x08004573   Thumb Code   114  tasks.o(.text)
    vTaskGetInfo                             0x080045fb   Thumb Code   114  tasks.o(.text)
    uxTaskGetSystemState                     0x080046d7   Thumb Code   152  tasks.o(.text)
    vTaskPlaceOnEventList                    0x0800476f   Thumb Code    46  tasks.o(.text)
    vTaskPlaceOnUnorderedEventList           0x0800479d   Thumb Code    88  tasks.o(.text)
    vTaskPlaceOnEventListRestricted          0x080047f5   Thumb Code    54  tasks.o(.text)
    xTaskRemoveFromEventList                 0x0800482b   Thumb Code   122  tasks.o(.text)
    xTaskRemoveFromUnorderedEventList        0x080048a5   Thumb Code   142  tasks.o(.text)
    vTaskSetTimeOutState                     0x08004933   Thumb Code    36  tasks.o(.text)
    xTaskCheckForTimeOut                     0x08004957   Thumb Code   124  tasks.o(.text)
    vTaskMissedYield                         0x080049d3   Thumb Code     8  tasks.o(.text)
    uxTaskGetTaskNumber                      0x080049db   Thumb Code    66  tasks.o(.text)
    vTaskSetTaskNumber                       0x08004a1d   Thumb Code     8  tasks.o(.text)
    xTaskGetCurrentTaskHandle                0x08004a25   Thumb Code     6  tasks.o(.text)
    xTaskGetSchedulerState                   0x08004a2b   Thumb Code    24  tasks.o(.text)
    vTaskPriorityInherit                     0x08004a43   Thumb Code   164  tasks.o(.text)
    xTaskPriorityDisinherit                  0x08004ae7   Thumb Code   176  tasks.o(.text)
    vTaskList                                0x08004bc1   Thumb Code   204  tasks.o(.text)
    uxTaskResetEventItemValue                0x08004c8d   Thumb Code    24  tasks.o(.text)
    pvTaskIncrementMutexHeldCount            0x08004ca5   Thumb Code    26  tasks.o(.text)
    ulTaskNotifyTake                         0x08004cbf   Thumb Code   108  tasks.o(.text)
    xTaskNotifyWait                          0x08004d2b   Thumb Code   150  tasks.o(.text)
    xTaskGenericNotify                       0x08004dc1   Thumb Code   276  tasks.o(.text)
    xTaskGenericNotifyFromISR                0x08004ed5   Thumb Code   282  tasks.o(.text)
    vTaskNotifyGiveFromISR                   0x08004fef   Thumb Code   200  tasks.o(.text)
    xTaskNotifyStateClear                    0x080050b7   Thumb Code    48  tasks.o(.text)
    xTimerGenericCommand                     0x08005159   Thumb Code   118  timers.o(.text)
    xTimerCreateTimerTask                    0x080054c1   Thumb Code    56  timers.o(.text)
    xTimerCreate                             0x080055a7   Thumb Code    48  timers.o(.text)
    xTimerGetTimerDaemonTaskHandle           0x080055d7   Thumb Code    38  timers.o(.text)
    xTimerGetPeriod                          0x080055fd   Thumb Code    28  timers.o(.text)
    xTimerGetExpiryTime                      0x08005619   Thumb Code    30  timers.o(.text)
    pcTimerGetName                           0x08005637   Thumb Code    28  timers.o(.text)
    xTimerIsTimerActive                      0x08005653   Thumb Code    50  timers.o(.text)
    pvTimerGetTimerID                        0x08005685   Thumb Code    38  timers.o(.text)
    vTimerSetTimerID                         0x080056ab   Thumb Code    38  timers.o(.text)
    xTimerPendFunctionCallFromISR            0x080056d1   Thumb Code    48  timers.o(.text)
    xTimerPendFunctionCall                   0x08005701   Thumb Code    70  timers.o(.text)
    pxPortInitialiseStack                    0x08005781   Thumb Code    30  port.o(.text)
    vPortSetupTimerInterrupt                 0x0800579f   Thumb Code    26  port.o(.text)
    xPortStartScheduler                      0x080057b9   Thumb Code   140  port.o(.text)
    vPortEndScheduler                        0x08005845   Thumb Code    34  port.o(.text)
    vPortEnterCritical                       0x08005867   Thumb Code    70  port.o(.text)
    vPortExitCritical                        0x080058ad   Thumb Code    48  port.o(.text)
    xPortSysTickHandler                      0x080058dd   Thumb Code    48  port.o(.text)
    vPortValidateInterruptPriority           0x0800590d   Thumb Code    88  port.o(.text)
    pvPortMalloc                             0x08005a87   Thumb Code   262  heap_4.o(.text)
    vPortFree                                0x08005b8d   Thumb Code   120  heap_4.o(.text)
    xPortGetFreeHeapSize                     0x08005c05   Thumb Code     6  heap_4.o(.text)
    xPortGetMinimumEverFreeHeapSize          0x08005c0b   Thumb Code     6  heap_4.o(.text)
    vPortInitialiseBlocks                    0x08005c11   Thumb Code     2  heap_4.o(.text)
    IIC_Start                                0x08005c6d   Thumb Code    36  oled.o(.text)
    IIC_Stop                                 0x08005c91   Thumb Code    28  oled.o(.text)
    IIC_Wait_Ack                             0x08005cad   Thumb Code    20  oled.o(.text)
    Write_IIC_Byte                           0x08005cc1   Thumb Code    80  oled.o(.text)
    Write_IIC_Command                        0x08005d11   Thumb Code    44  oled.o(.text)
    Write_IIC_Data                           0x08005d3d   Thumb Code    44  oled.o(.text)
    OLED_WR_Byte                             0x08005d69   Thumb Code    24  oled.o(.text)
    fill_picture                             0x08005d81   Thumb Code    64  oled.o(.text)
    OLED_Set_Pos                             0x08005dc1   Thumb Code    40  oled.o(.text)
    OLED_Display_On                          0x08005de9   Thumb Code    28  oled.o(.text)
    OLED_Display_Off                         0x08005e05   Thumb Code    28  oled.o(.text)
    OLED_Clear                               0x08005e21   Thumb Code    62  oled.o(.text)
    OLED_On                                  0x08005e5f   Thumb Code    62  oled.o(.text)
    OLED_ShowChar                            0x08005e9d   Thumb Code   154  oled.o(.text)
    oled_pow                                 0x08005f37   Thumb Code    22  oled.o(.text)
    OLED_ShowNum                             0x08005f4d   Thumb Code   136  oled.o(.text)
    OLED_ShowString                          0x08005fd5   Thumb Code    58  oled.o(.text)
    OLED_ShowCHinese                         0x0800600f   Thumb Code   116  oled.o(.text)
    OLED_DrawBMP                             0x08006083   Thumb Code   118  oled.o(.text)
    OLED_Init                                0x080060f9   Thumb Code   270  oled.o(.text)
    SDA_Output                               0x08006211   Thumb Code    30  ioi2c.o(.text)
    SDA_Input                                0x0800622f   Thumb Code    30  ioi2c.o(.text)
    I2C_Start                                0x0800624d   Thumb Code    58  ioi2c.o(.text)
    I2C_Stop                                 0x08006287   Thumb Code    44  ioi2c.o(.text)
    I2C_Wait_Ack                             0x080062b3   Thumb Code   100  ioi2c.o(.text)
    I2C_Ack                                  0x08006317   Thumb Code    58  ioi2c.o(.text)
    I2C_NAck                                 0x08006351   Thumb Code    50  ioi2c.o(.text)
    I2C_Send_Byte                            0x08006383   Thumb Code    96  ioi2c.o(.text)
    I2C_Read_Byte                            0x080063e3   Thumb Code    80  ioi2c.o(.text)
    MS4525DO_ReadData                        0x0800643d   Thumb Code   208  ms4525do.o(.text)
    MS4525_GetDiffPressure                   0x0800650d   Thumb Code    70  ms4525do.o(.text)
    MS4525_GetSpeed                          0x08006553   Thumb Code   298  ms4525do.o(.text)
    MS4525DO_Init                            0x0800667d   Thumb Code    68  ms4525do.o(.text)
    __aeabi_memcpy                           0x08006705   Thumb Code    36  memcpya.o(.text)
    __aeabi_memcpy4                          0x08006705   Thumb Code     0  memcpya.o(.text)
    __aeabi_memcpy8                          0x08006705   Thumb Code     0  memcpya.o(.text)
    __aeabi_memset                           0x08006729   Thumb Code    14  memseta.o(.text)
    __aeabi_memset4                          0x08006729   Thumb Code     0  memseta.o(.text)
    __aeabi_memset8                          0x08006729   Thumb Code     0  memseta.o(.text)
    __aeabi_memclr                           0x08006737   Thumb Code     4  memseta.o(.text)
    __aeabi_memclr4                          0x08006737   Thumb Code     0  memseta.o(.text)
    __aeabi_memclr8                          0x08006737   Thumb Code     0  memseta.o(.text)
    _memset$wrapper                          0x0800673b   Thumb Code    18  memseta.o(.text)
    strlen                                   0x0800674d   Thumb Code    14  strlen.o(.text)
    strcpy                                   0x0800675b   Thumb Code    18  strcpy.o(.text)
    __aeabi_fadd                             0x0800676d   Thumb Code   164  fadd.o(.text)
    __aeabi_fsub                             0x08006811   Thumb Code     6  fadd.o(.text)
    __aeabi_frsub                            0x08006817   Thumb Code     6  fadd.o(.text)
    __aeabi_fmul                             0x0800681d   Thumb Code   100  fmul.o(.text)
    __aeabi_dadd                             0x08006881   Thumb Code   322  dadd.o(.text)
    __aeabi_dsub                             0x080069c3   Thumb Code     6  dadd.o(.text)
    __aeabi_drsub                            0x080069c9   Thumb Code     6  dadd.o(.text)
    __aeabi_dmul                             0x080069cf   Thumb Code   228  dmul.o(.text)
    __aeabi_ddiv                             0x08006ab3   Thumb Code   222  ddiv.o(.text)
    __aeabi_ui2f                             0x08006b91   Thumb Code    10  ffltui.o(.text)
    __aeabi_ui2d                             0x08006b9b   Thumb Code    26  dfltui.o(.text)
    __aeabi_f2d                              0x08006bb5   Thumb Code    38  f2d.o(.text)
    __aeabi_d2f                              0x08006bdb   Thumb Code    56  d2f.o(.text)
    __aeabi_uidiv                            0x08006c13   Thumb Code     0  uidiv.o(.text)
    __aeabi_uidivmod                         0x08006c13   Thumb Code    44  uidiv.o(.text)
    __aeabi_uldivmod                         0x08006c3f   Thumb Code    98  uldiv.o(.text)
    __aeabi_llsl                             0x08006ca1   Thumb Code    30  llshl.o(.text)
    _ll_shift_l                              0x08006ca1   Thumb Code     0  llshl.o(.text)
    __aeabi_lasr                             0x08006cbf   Thumb Code    36  llsshr.o(.text)
    _ll_sshift_r                             0x08006cbf   Thumb Code     0  llsshr.o(.text)
    __I$use$fp                               0x08006ce3   Thumb Code     0  iusefp.o(.text)
    _float_round                             0x08006ce3   Thumb Code    18  fepilogue.o(.text)
    _float_epilogue                          0x08006cf5   Thumb Code    92  fepilogue.o(.text)
    _double_round                            0x08006d51   Thumb Code    30  depilogue.o(.text)
    _double_epilogue                         0x08006d6f   Thumb Code   156  depilogue.o(.text)
    _dsqrt                                   0x08006e0b   Thumb Code   162  dsqrt.o(.text)
    __aeabi_d2ulz                            0x08006ead   Thumb Code    48  dfixul.o(.text)
    __aeabi_cdrcmple                         0x08006edd   Thumb Code    48  cdrcmple.o(.text)
    __scatterload                            0x08006f0d   Thumb Code    28  init.o(.text)
    __scatterload_rt2                        0x08006f0d   Thumb Code     0  init.o(.text)
    __aeabi_llsr                             0x08006f31   Thumb Code    32  llushr.o(.text)
    _ll_ushift_r                             0x08006f31   Thumb Code     0  llushr.o(.text)
    __decompress                             0x08006f51   Thumb Code     0  __dczerorl2.o(.text)
    __decompress1                            0x08006f51   Thumb Code    86  __dczerorl2.o(.text)
    __0printf                                0x08006fa9   Thumb Code    22  printfa.o(i.__0printf)
    __1printf                                0x08006fa9   Thumb Code     0  printfa.o(i.__0printf)
    __2printf                                0x08006fa9   Thumb Code     0  printfa.o(i.__0printf)
    __c89printf                              0x08006fa9   Thumb Code     0  printfa.o(i.__0printf)
    printf                                   0x08006fa9   Thumb Code     0  printfa.o(i.__0printf)
    __0sprintf                               0x08006fc9   Thumb Code    34  printfa.o(i.__0sprintf)
    __1sprintf                               0x08006fc9   Thumb Code     0  printfa.o(i.__0sprintf)
    __2sprintf                               0x08006fc9   Thumb Code     0  printfa.o(i.__0sprintf)
    __c89sprintf                             0x08006fc9   Thumb Code     0  printfa.o(i.__0sprintf)
    sprintf                                  0x08006fc9   Thumb Code     0  printfa.o(i.__0sprintf)
    __0vsnprintf                             0x08006ff1   Thumb Code    32  printfa.o(i.__0vsnprintf)
    __1vsnprintf                             0x08006ff1   Thumb Code     0  printfa.o(i.__0vsnprintf)
    __2vsnprintf                             0x08006ff1   Thumb Code     0  printfa.o(i.__0vsnprintf)
    __c89vsnprintf                           0x08006ff1   Thumb Code     0  printfa.o(i.__0vsnprintf)
    vsnprintf                                0x08006ff1   Thumb Code     0  printfa.o(i.__0vsnprintf)
    __scatterload_copy                       0x08007015   Thumb Code    14  handlers.o(i.__scatterload_copy)
    __scatterload_null                       0x08007023   Thumb Code     2  handlers.o(i.__scatterload_null)
    __scatterload_zeroinit                   0x08007025   Thumb Code    14  handlers.o(i.__scatterload_zeroinit)
    __set_errno                              0x08007035   Thumb Code     6  errno.o(i.__set_errno)
    sqrt                                     0x080078f3   Thumb Code    76  sqrt.o(i.sqrt)
    F6x8                                     0x0800793e   Data         552  oled.o(.constdata)
    F8X16                                    0x08007b66   Data        1520  oled.o(.constdata)
    Region$$Table$$Base                      0x08008158   Number         0  anon$$obj.o(Region$$Table)
    Region$$Table$$Limit                     0x08008178   Number         0  anon$$obj.o(Region$$Table)
    SystemCoreClock                          0x20000000   Data           4  system_stm32f10x.o(.data)
    AHBPrescTable                            0x20000004   Data          16  system_stm32f10x.o(.data)
    BMP1                                     0x20000028   Data        1024  main.o(.data)
    NWPUAMT                                  0x20000428   Data        1024  main.o(.data)
    MS4525_Data                              0x20000828   Data           2  main.o(.data)
    count                                    0x2000082a   Data           1  main.o(.data)
    Data                                     0x2000082b   Data           8  main.o(.data)
    str                                      0x20000833   Data           6  main.o(.data)
    temp1                                    0x20000839   Data           1  main.o(.data)
    temp2                                    0x2000083a   Data           1  main.o(.data)
    temp3                                    0x2000083b   Data           1  main.o(.data)
    Airspeed                                 0x2000083c   Data           4  main.o(.data)
    StartTask_Handle                         0x20000840   Data           4  main.o(.data)
    Task1Task_Handle                         0x20000844   Data           4  main.o(.data)
    Task2Task_Handle                         0x20000848   Data           4  main.o(.data)
    Task3Task_Handle                         0x2000084c   Data           4  main.o(.data)
    ADC_ConvertedValue1                      0x20000850   Data           2  bsp_adc.o(.data)
    ADC_ConvertedValue2                      0x20000852   Data           2  bsp_adc.o(.data)
    __stdout                                 0x20000858   Data           4  usart.o(.data)
    USART1_RX_STA                            0x2000085c   Data           2  usart.o(.data)
    time_capture_sta                         0x2000085e   Data           1  capture.o(.data)
    time_capture_val                         0x20000860   Data           2  capture.o(.data)
    pxCurrentTCB                             0x20000864   Data           4  tasks.o(.data)
    Hzk                                      0x200008d8   Data        1216  oled.o(.data)
    MS4525_DataSum                           0x20000d98   Data           4  ms4525do.o(.data)
    MS4525_DataNO                            0x20000d9c   Data           2  ms4525do.o(.data)
    MS4525_IsFilterFull                      0x20000d9e   Data           2  ms4525do.o(.data)
    Airspeed_DataSum                         0x20000da0   Data           8  ms4525do.o(.data)
    Airspeed_DataNO                          0x20000da8   Data           2  ms4525do.o(.data)
    Airspeed_IsFilterFull                    0x20000daa   Data           2  ms4525do.o(.data)
    xQueueRegistry                           0x20000db0   Data          64  queue.o(.bss)
    MS4525_DataFilter                        0x200038fc   Data         600  ms4525do.o(.bss)
    Airspeed_DataFilter                      0x20003b54   Data        1200  ms4525do.o(.bss)
    __initial_sp                             0x20004408   Data           0  startup_stm32f10x_md.o(STACK)



==============================================================================

Memory Map of the image

  Image Entry point : 0x080000ed

  Load Region LR_IROM1 (Base: 0x08000000, Size: 0x00008f28, Max: 0x00010000, ABSOLUTE, COMPRESSED[0x00008690])

    Execution Region ER_IROM1 (Base: 0x08000000, Size: 0x00008178, Max: 0x00010000, ABSOLUTE)

    Base Addr    Size         Type   Attr      Idx    E Section Name        Object

    0x08000000   0x000000ec   Data   RO            3    RESET               startup_stm32f10x_md.o
    0x080000ec   0x00000000   Code   RO          756  * .ARM.Collect$$$$00000000  mc_w.l(entry.o)
    0x080000ec   0x00000004   Code   RO         1054    .ARM.Collect$$$$00000001  mc_w.l(entry2.o)
    0x080000f0   0x00000004   Code   RO         1057    .ARM.Collect$$$$00000004  mc_w.l(entry5.o)
    0x080000f4   0x00000000   Code   RO         1059    .ARM.Collect$$$$00000008  mc_w.l(entry7b.o)
    0x080000f4   0x00000000   Code   RO         1061    .ARM.Collect$$$$0000000A  mc_w.l(entry8b.o)
    0x080000f4   0x00000008   Code   RO         1062    .ARM.Collect$$$$0000000B  mc_w.l(entry9a.o)
    0x080000fc   0x00000000   Code   RO         1064    .ARM.Collect$$$$0000000D  mc_w.l(entry10a.o)
    0x080000fc   0x00000000   Code   RO         1066    .ARM.Collect$$$$0000000F  mc_w.l(entry11a.o)
    0x080000fc   0x00000004   Code   RO         1055    .ARM.Collect$$$$00002712  mc_w.l(entry2.o)
    0x08000100   0x00000096   Code   RO          649    .emb_text           port.o
    0x08000196   0x00000002   PAD
    0x08000198   0x00000024   Code   RO            4    .text               startup_stm32f10x_md.o
    0x080001bc   0x000001e0   Code   RO           24    .text               system_stm32f10x.o
    0x0800039c   0x000000dc   Code   RO          121    .text               misc.o
    0x08000478   0x0000044e   Code   RO          137    .text               stm32f10x_adc.o
    0x080008c6   0x00000002   PAD
    0x080008c8   0x0000035c   Code   RO          185    .text               stm32f10x_gpio.o
    0x08000c24   0x000003a4   Code   RO          209    .text               stm32f10x_rcc.o
    0x08000fc8   0x00000e1a   Code   RO          235    .text               stm32f10x_tim.o
    0x08001de2   0x00000002   PAD
    0x08001de4   0x00000408   Code   RO          247    .text               stm32f10x_usart.o
    0x080021ec   0x000001d0   Code   RO          259    .text               main.o
    0x080023bc   0x00000014   Code   RO          345    .text               stm32f10x_it.o
    0x080023d0   0x00000190   Code   RO          361    .text               bsp_adc.o
    0x08002560   0x000001a4   Code   RO          376    .text               bsp_usart.o
    0x08002704   0x00000164   Code   RO          422    .text               delay.o
    0x08002868   0x00000118   Code   RO          452    .text               usart.o
    0x08002980   0x000001b8   Code   RO          495    .text               capture.o
    0x08002b38   0x00000094   Code   RO          573    .text               list.o
    0x08002bcc   0x00000d14   Code   RO          585    .text               queue.o
    0x080038e0   0x00001828   Code   RO          603    .text               tasks.o
    0x08005108   0x00000648   Code   RO          634    .text               timers.o
    0x08005750   0x00000274   Code   RO          650    .text               port.o
    0x080059c4   0x000002a8   Code   RO          679    .text               heap_4.o
    0x08005c6c   0x000005a4   Code   RO          694    .text               oled.o
    0x08006210   0x0000022c   Code   RO          713    .text               ioi2c.o
    0x0800643c   0x000002c8   Code   RO          728    .text               ms4525do.o
    0x08006704   0x00000024   Code   RO          759    .text               mc_w.l(memcpya.o)
    0x08006728   0x00000024   Code   RO          761    .text               mc_w.l(memseta.o)
    0x0800674c   0x0000000e   Code   RO          763    .text               mc_w.l(strlen.o)
    0x0800675a   0x00000012   Code   RO          765    .text               mc_w.l(strcpy.o)
    0x0800676c   0x000000b0   Code   RO         1030    .text               mf_w.l(fadd.o)
    0x0800681c   0x00000064   Code   RO         1032    .text               mf_w.l(fmul.o)
    0x08006880   0x0000014e   Code   RO         1034    .text               mf_w.l(dadd.o)
    0x080069ce   0x000000e4   Code   RO         1036    .text               mf_w.l(dmul.o)
    0x08006ab2   0x000000de   Code   RO         1038    .text               mf_w.l(ddiv.o)
    0x08006b90   0x0000000a   Code   RO         1040    .text               mf_w.l(ffltui.o)
    0x08006b9a   0x0000001a   Code   RO         1042    .text               mf_w.l(dfltui.o)
    0x08006bb4   0x00000026   Code   RO         1046    .text               mf_w.l(f2d.o)
    0x08006bda   0x00000038   Code   RO         1048    .text               mf_w.l(d2f.o)
    0x08006c12   0x0000002c   Code   RO         1068    .text               mc_w.l(uidiv.o)
    0x08006c3e   0x00000062   Code   RO         1070    .text               mc_w.l(uldiv.o)
    0x08006ca0   0x0000001e   Code   RO         1072    .text               mc_w.l(llshl.o)
    0x08006cbe   0x00000024   Code   RO         1074    .text               mc_w.l(llsshr.o)
    0x08006ce2   0x00000000   Code   RO         1083    .text               mc_w.l(iusefp.o)
    0x08006ce2   0x0000006e   Code   RO         1084    .text               mf_w.l(fepilogue.o)
    0x08006d50   0x000000ba   Code   RO         1086    .text               mf_w.l(depilogue.o)
    0x08006e0a   0x000000a2   Code   RO         1088    .text               mf_w.l(dsqrt.o)
    0x08006eac   0x00000030   Code   RO         1090    .text               mf_w.l(dfixul.o)
    0x08006edc   0x00000030   Code   RO         1094    .text               mf_w.l(cdrcmple.o)
    0x08006f0c   0x00000024   Code   RO         1096    .text               mc_w.l(init.o)
    0x08006f30   0x00000020   Code   RO         1098    .text               mc_w.l(llushr.o)
    0x08006f50   0x00000056   Code   RO         1108    .text               mc_w.l(__dczerorl2.o)
    0x08006fa6   0x00000002   PAD
    0x08006fa8   0x00000020   Code   RO         1002    i.__0printf         mc_w.l(printfa.o)
    0x08006fc8   0x00000028   Code   RO         1004    i.__0sprintf        mc_w.l(printfa.o)
    0x08006ff0   0x00000024   Code   RO         1007    i.__0vsnprintf      mc_w.l(printfa.o)
    0x08007014   0x0000000e   Code   RO         1102    i.__scatterload_copy  mc_w.l(handlers.o)
    0x08007022   0x00000002   Code   RO         1103    i.__scatterload_null  mc_w.l(handlers.o)
    0x08007024   0x0000000e   Code   RO         1104    i.__scatterload_zeroinit  mc_w.l(handlers.o)
    0x08007032   0x00000002   PAD
    0x08007034   0x0000000c   Code   RO         1078    i.__set_errno       mc_w.l(errno.o)
    0x08007040   0x00000164   Code   RO         1009    i._fp_digits        mc_w.l(printfa.o)
    0x080071a4   0x000006dc   Code   RO         1010    i._printf_core      mc_w.l(printfa.o)
    0x08007880   0x00000024   Code   RO         1011    i._printf_post_padding  mc_w.l(printfa.o)
    0x080078a4   0x0000002e   Code   RO         1012    i._printf_pre_padding  mc_w.l(printfa.o)
    0x080078d2   0x00000016   Code   RO         1013    i._snputc           mc_w.l(printfa.o)
    0x080078e8   0x0000000a   Code   RO         1014    i._sputc            mc_w.l(printfa.o)
    0x080078f2   0x0000004c   Code   RO          749    i.sqrt              m_ws.l(sqrt.o)
    0x0800793e   0x00000818   Data   RO          695    .constdata          oled.o
    0x08008156   0x00000002   PAD
    0x08008158   0x00000020   Data   RO         1100    Region$$Table       anon$$obj.o


    Execution Region RW_IRAM1 (Base: 0x20000000, Size: 0x00004408, Max: 0x00005000, ABSOLUTE, COMPRESSED[0x00000518])

    Base Addr    Size         Type   Attr      Idx    E Section Name        Object

    0x20000000   0x00000014   Data   RW           25    .data               system_stm32f10x.o
    0x20000014   0x00000014   Data   RW          210    .data               stm32f10x_rcc.o
    0x20000028   0x00000828   Data   RW          260    .data               main.o
    0x20000850   0x00000004   Data   RW          362    .data               bsp_adc.o
    0x20000854   0x00000004   Data   RW          423    .data               delay.o
    0x20000858   0x00000006   Data   RW          454    .data               usart.o
    0x2000085e   0x00000004   Data   RW          496    .data               capture.o
    0x20000862   0x00000002   PAD
    0x20000864   0x0000003c   Data   RW          605    .data               tasks.o
    0x200008a0   0x00000014   Data   RW          636    .data               timers.o
    0x200008b4   0x0000000c   Data   RW          651    .data               port.o
    0x200008c0   0x00000018   Data   RW          681    .data               heap_4.o
    0x200008d8   0x000004c0   Data   RW          696    .data               oled.o
    0x20000d98   0x00000014   Data   RW          730    .data               ms4525do.o
    0x20000dac   0x00000004   Data   RW         1079    .data               mc_w.l(errno.o)
    0x20000db0   0x00000040   Zero   RW          586    .bss                queue.o
    0x20000df0   0x000002e4   Zero   RW          604    .bss                tasks.o
    0x200010d4   0x00000028   Zero   RW          635    .bss                timers.o
    0x200010fc   0x00002800   Zero   RW          680    .bss                heap_4.o
    0x200038fc   0x00000708   Zero   RW          729    .bss                ms4525do.o
    0x20004004   0x00000004   PAD
    0x20004008   0x00000400   Zero   RW            1    STACK               startup_stm32f10x_md.o


==============================================================================

Image component sizes


      Code (inc. data)   RO Data    RW Data    ZI Data      Debug   Object Name

       400         20          0          4          0       1820   bsp_adc.o
       420          8          0          0          0       3874   bsp_usart.o
       440         14          0          4          0       1798   capture.o
         0          0          0          0          0       4496   core_cm3.o
         0          0          0          0          0       7616   croutine.o
       356         16          0          4          0       2059   delay.o
         0          0          0          0          0      10480   event_groups.o
       680         90          0         24      10240       3400   heap_4.o
       556         10          0          0          0       2016   ioi2c.o
       148          0          0          0          0       1890   list.o
       464        130          0       2088          0      12080   main.o
       220         22          0          0          0       1837   misc.o
       712         68          0         20       1800       2669   ms4525do.o
      1444         28       2072       1216          0       6486   oled.o
       778        108          0         12          0       7831   port.o
      3348         60          0          0         64      18954   queue.o
        36          8        236          0       1024        876   startup_stm32f10x_md.o
      1102         26          0          0          0      11073   stm32f10x_adc.o
       860         38          0          0          0       5765   stm32f10x_gpio.o
        20          0          0          0          0        947   stm32f10x_it.o
       932         36          0         20          0       8952   stm32f10x_rcc.o
      3610         88          0          0          0      22876   stm32f10x_tim.o
      1032         22          0          0          0       8492   stm32f10x_usart.o
       480         38          0         20          0     258031   system_stm32f10x.o
      6184        410          0         60        740      32268   tasks.o
      1608        120          0         20         40       8968   timers.o
       280          8          0          6          0       3906   usart.o

    ----------------------------------------------------------------------
     26116       1368       2342       3500      13912     451460   Object Totals
         0          0         32          0          0          0   (incl. Generated)
         6          0          2          2          4          0   (incl. Padding)

    ----------------------------------------------------------------------

      Code (inc. data)   RO Data    RW Data    ZI Data      Debug   Library Member Name

        76          0          0          0          0         84   sqrt.o
        86          0          0          0          0          0   __dczerorl2.o
         0          0          0          0          0          0   entry.o
         0          0          0          0          0          0   entry10a.o
         0          0          0          0          0          0   entry11a.o
         8          4          0          0          0          0   entry2.o
         4          0          0          0          0          0   entry5.o
         0          0          0          0          0          0   entry7b.o
         0          0          0          0          0          0   entry8b.o
         8          4          0          0          0          0   entry9a.o
        12          6          0          4          0         68   errno.o
        30          0          0          0          0          0   handlers.o
        36          8          0          0          0         68   init.o
         0          0          0          0          0          0   iusefp.o
        30          0          0          0          0         68   llshl.o
        36          0          0          0          0         68   llsshr.o
        32          0          0          0          0         68   llushr.o
        36          0          0          0          0         68   memcpya.o
        36          0          0          0          0        108   memseta.o
      2334        100          0          0          0        744   printfa.o
        18          0          0          0          0         68   strcpy.o
        14          0          0          0          0         68   strlen.o
        44          0          0          0          0         80   uidiv.o
        98          0          0          0          0         92   uldiv.o
        48          0          0          0          0         68   cdrcmple.o
        56          0          0          0          0         88   d2f.o
       334          0          0          0          0        148   dadd.o
       222          0          0          0          0        100   ddiv.o
       186          0          0          0          0        176   depilogue.o
        48          0          0          0          0         68   dfixul.o
        26          0          0          0          0         76   dfltui.o
       228          0          0          0          0         96   dmul.o
       162          0          0          0          0        100   dsqrt.o
        38          0          0          0          0         68   f2d.o
       176          0          0          0          0        140   fadd.o
       110          0          0          0          0        168   fepilogue.o
        10          0          0          0          0         68   ffltui.o
       100          0          0          0          0         76   fmul.o

    ----------------------------------------------------------------------
      4686        122          0          4          0       3092   Library Totals
         4          0          0          0          0          0   (incl. Padding)

    ----------------------------------------------------------------------

      Code (inc. data)   RO Data    RW Data    ZI Data      Debug   Library Name

        76          0          0          0          0         84   m_ws.l
      2862        122          0          4          0       1568   mc_w.l
      1744          0          0          0          0       1440   mf_w.l

    ----------------------------------------------------------------------
      4686        122          0          4          0       3092   Library Totals

    ----------------------------------------------------------------------

==============================================================================


      Code (inc. data)   RO Data    RW Data    ZI Data      Debug   

     30802       1490       2342       3504      13912     450832   Grand Totals
     30802       1490       2342       1304      13912     450832   ELF Image Totals (compressed)
     30802       1490       2342       1304          0          0   ROM Totals

==============================================================================

    Total RO  Size (Code + RO Data)                33144 (  32.37kB)
    Total RW  Size (RW Data + ZI Data)             17416 (  17.01kB)
    Total ROM Size (Code + RO Data + RW Data)      34448 (  33.64kB)

==============================================================================

