Component: ARM Compiler 5.06 update 1 (build 61) Tool: armlink [4d35a8]

==============================================================================

Section Cross References

    startup_stm32f10x_md.o(RESET) refers to startup_stm32f10x_md.o(STACK) for __initial_sp
    startup_stm32f10x_md.o(RESET) refers to startup_stm32f10x_md.o(.text) for Reset_Handler
    startup_stm32f10x_md.o(RESET) refers to stm32f10x_it.o(.text) for NMI_Handler
    startup_stm32f10x_md.o(RESET) refers to port.o(.emb_text) for SVC_Handler
    startup_stm32f10x_md.o(RESET) refers to delay.o(.text) for SysTick_Handler
    startup_stm32f10x_md.o(RESET) refers to bsp_adc.o(.text) for ADC1_2_IRQHandler
    startup_stm32f10x_md.o(RESET) refers to capture.o(.text) for TIM2_IRQHandler
    startup_stm32f10x_md.o(RESET) refers to usart.o(.text) for USART1_IRQHandler
    startup_stm32f10x_md.o(.text) refers to system_stm32f10x.o(.text) for SystemInit
    startup_stm32f10x_md.o(.text) refers to entry.o(.ARM.Collect$$$$00000000) for __main
    system_stm32f10x.o(.text) refers to system_stm32f10x.o(.data) for SystemCoreClock
    stm32f10x_adc.o(.text) refers to stm32f10x_rcc.o(.text) for RCC_APB2PeriphResetCmd
    stm32f10x_bkp.o(.text) refers to stm32f10x_rcc.o(.text) for RCC_BackupResetCmd
    stm32f10x_can.o(.text) refers to stm32f10x_rcc.o(.text) for RCC_APB1PeriphResetCmd
    stm32f10x_cec.o(.text) refers to stm32f10x_rcc.o(.text) for RCC_APB1PeriphResetCmd
    stm32f10x_dac.o(.text) refers to stm32f10x_rcc.o(.text) for RCC_APB1PeriphResetCmd
    stm32f10x_gpio.o(.text) refers to stm32f10x_rcc.o(.text) for RCC_APB2PeriphResetCmd
    stm32f10x_i2c.o(.text) refers to stm32f10x_rcc.o(.text) for RCC_APB1PeriphResetCmd
    stm32f10x_pwr.o(.text) refers to stm32f10x_rcc.o(.text) for RCC_APB1PeriphResetCmd
    stm32f10x_rcc.o(.text) refers to stm32f10x_rcc.o(.data) for APBAHBPrescTable
    stm32f10x_spi.o(.text) refers to stm32f10x_rcc.o(.text) for RCC_APB2PeriphResetCmd
    stm32f10x_tim.o(.text) refers to stm32f10x_rcc.o(.text) for RCC_APB2PeriphResetCmd
    stm32f10x_usart.o(.text) refers to stm32f10x_rcc.o(.text) for RCC_APB2PeriphResetCmd
    stm32f10x_wwdg.o(.text) refers to stm32f10x_rcc.o(.text) for RCC_APB1PeriphResetCmd
    main.o(.text) refers to stm32f10x_tim.o(.text) for TIM_SetCompare1
    main.o(.text) refers to tasks.o(.text) for vTaskDelay
    main.o(.text) refers to printf3.o(i.__0sprintf$3) for __2sprintf
    main.o(.text) refers to oled.o(.text) for OLED_Clear
    main.o(.text) refers to stm32f10x_gpio.o(.text) for GPIO_SetBits
    main.o(.text) refers to port.o(.text) for vPortEnterCritical
    main.o(.text) refers to system_stm32f10x.o(.text) for SystemInit
    main.o(.text) refers to delay.o(.text) for delay_init
    main.o(.text) refers to misc.o(.text) for NVIC_PriorityGroupConfig
    main.o(.text) refers to usart.o(.text) for USART1_Init
    main.o(.text) refers to pwm.o(.text) for TIM_PWM_Init
    main.o(.text) refers to main.o(.data) for PWM_Value_1
    bsp_adc.o(.text) refers to stm32f10x_rcc.o(.text) for RCC_APB2PeriphClockCmd
    bsp_adc.o(.text) refers to stm32f10x_gpio.o(.text) for GPIO_Init
    bsp_adc.o(.text) refers to stm32f10x_adc.o(.text) for ADC_Init
    bsp_adc.o(.text) refers to misc.o(.text) for NVIC_Init
    bsp_adc.o(.text) refers to bsp_adc.o(.data) for ADC_ConvertedValue1
    bsp_usart.o(.text) refers to misc.o(.text) for NVIC_PriorityGroupConfig
    bsp_usart.o(.text) refers to stm32f10x_rcc.o(.text) for RCC_APB2PeriphClockCmd
    bsp_usart.o(.text) refers to stm32f10x_gpio.o(.text) for GPIO_Init
    bsp_usart.o(.text) refers to stm32f10x_usart.o(.text) for USART_Init
    pwm.o(.text) refers to stm32f10x_rcc.o(.text) for RCC_APB1PeriphClockCmd
    pwm.o(.text) refers to stm32f10x_gpio.o(.text) for GPIO_Init
    pwm.o(.text) refers to stm32f10x_tim.o(.text) for TIM_TimeBaseInit
    tim.o(.text) refers to misc.o(.text) for NVIC_Init
    tim.o(.text) refers to stm32f10x_rcc.o(.text) for RCC_APB1PeriphClockCmd
    tim.o(.text) refers to stm32f10x_tim.o(.text) for TIM_TimeBaseInit
    tim.o(.text) refers to cfrcmple.o(.text) for __aeabi_cfrcmple
    tim.o(.text) refers to cfcmple.o(.text) for __aeabi_cfcmple
    tim.o(.text) refers to ffixi.o(.text) for __aeabi_f2iz
    delay.o(.text) refers to tasks.o(.text) for xTaskGetSchedulerState
    delay.o(.text) refers to port.o(.text) for xPortSysTickHandler
    delay.o(.text) refers to misc.o(.text) for SysTick_CLKSourceConfig
    delay.o(.text) refers to delay.o(.data) for fac_us
    delay.o(.text) refers to system_stm32f10x.o(.data) for SystemCoreClock
    usart.o(.text) refers to printfa.o(i.__0vsnprintf) for __c89vsnprintf
    usart.o(.text) refers to stm32f10x_usart.o(.text) for USART_SendData
    usart.o(.text) refers to strlen.o(.text) for strlen
    usart.o(.text) refers to stm32f10x_rcc.o(.text) for RCC_APB2PeriphClockCmd
[...]
    ../clib/microlib/longlong.c              0x00000000   Number         0  llsshr.o ABSOLUTE
    ../clib/microlib/longlong.c              0x00000000   Number         0  llushr.o ABSOLUTE
    ../clib/microlib/printf/printf.c         0x00000000   Number         0  printf5.o ABSOLUTE
    ../clib/microlib/printf/printf.c         0x00000000   Number         0  printfa.o ABSOLUTE
    ../clib/microlib/printf/printf.c         0x00000000   Number         0  printf2.o ABSOLUTE
    ../clib/microlib/printf/printf.c         0x00000000   Number         0  printf8.o ABSOLUTE
    ../clib/microlib/printf/printf.c         0x00000000   Number         0  printfb.o ABSOLUTE
    ../clib/microlib/printf/printf.c         0x00000000   Number         0  printf0.o ABSOLUTE
    ../clib/microlib/printf/printf.c         0x00000000   Number         0  printf4.o ABSOLUTE
    ../clib/microlib/printf/printf.c         0x00000000   Number         0  printf1.o ABSOLUTE
    ../clib/microlib/printf/printf.c         0x00000000   Number         0  printf3.o ABSOLUTE
    ../clib/microlib/printf/printf.c         0x00000000   Number         0  printf6.o ABSOLUTE
    ../clib/microlib/printf/printf.c         0x00000000   Number         0  printf7.o ABSOLUTE
    ../clib/microlib/printf/stubs.s          0x00000000   Number         0  stubs.o ABSOLUTE
    ../clib/microlib/string/memcpy.c         0x00000000   Number         0  memcpya.o ABSOLUTE
    ../clib/microlib/string/memcpy.c         0x00000000   Number         0  memcpyb.o ABSOLUTE
    ../clib/microlib/string/memset.c         0x00000000   Number         0  memseta.o ABSOLUTE
    ../clib/microlib/string/strcpy.c         0x00000000   Number         0  strcpy.o ABSOLUTE
    ../clib/microlib/string/strlen.c         0x00000000   Number         0  strlen.o ABSOLUTE
    ../clib/microlib/stubs.s                 0x00000000   Number         0  useno.o ABSOLUTE
    ../clib/microlib/stubs.s                 0x00000000   Number         0  iusefp.o ABSOLUTE
    ../fplib/microlib/fpadd.c                0x00000000   Number         0  dadd.o ABSOLUTE
    ../fplib/microlib/fpdiv.c                0x00000000   Number         0  ddiv.o ABSOLUTE
    ../fplib/microlib/fpepilogue.c           0x00000000   Number         0  depilogue.o ABSOLUTE
    ../fplib/microlib/fpfix.c                0x00000000   Number         0  dfixul.o ABSOLUTE
    ../fplib/microlib/fpfix.c                0x00000000   Number         0  ffixi.o ABSOLUTE
    ../fplib/microlib/fpmul.c                0x00000000   Number         0  dmul.o ABSOLUTE
    ..\..\Hardware\MS4525\Airspeed.c         0x00000000   Number         0  airspeed.o ABSOLUTE
    ..\..\Hardware\OLED\oled.c               0x00000000   Number         0  oled.o ABSOLUTE
    ..\..\Libraries\CMSIS\core_cm3.c         0x00000000   Number         0  core_cm3.o ABSOLUTE
    ..\..\Libraries\CMSIS\startup\startup_stm32f10x_md.s 0x00000000   Number         0  startup_stm32f10x_md.o ABSOLUTE
    ..\..\Libraries\CMSIS\system_stm32f10x.c 0x00000000   Number         0  system_stm32f10x.o ABSOLUTE
    ..\..\Libraries\FWlib\src\misc.c         0x00000000   Number         0  misc.o ABSOLUTE
    ..\..\Libraries\FWlib\src\stm32f10x_adc.c 0x00000000   Number         0  stm32f10x_adc.o ABSOLUTE
    ..\..\Libraries\FWlib\src\stm32f10x_bkp.c 0x00000000   Number         0  stm32f10x_bkp.o ABSOLUTE
    ..\..\Libraries\FWlib\src\stm32f10x_can.c 0x00000000   Number         0  stm32f10x_can.o ABSOLUTE
    ..\..\Libraries\FWlib\src\stm32f10x_cec.c 0x00000000   Number         0  stm32f10x_cec.o ABSOLUTE
    ..\..\Libraries\FWlib\src\stm32f10x_crc.c 0x00000000   Number         0  stm32f10x_crc.o ABSOLUTE
    ..\..\Libraries\FWlib\src\stm32f10x_dac.c 0x00000000   Number         0  stm32f10x_dac.o ABSOLUTE
    ..\..\Libraries\FWlib\src\stm32f10x_dbgmcu.c 0x00000000   Number         0  stm32f10x_dbgmcu.o ABSOLUTE
    ..\..\Libraries\FWlib\src\stm32f10x_dma.c 0x00000000   Number         0  stm32f10x_dma.o ABSOLUTE
    ..\..\Libraries\FWlib\src\stm32f10x_exti.c 0x00000000   Number         0  stm32f10x_exti.o ABSOLUTE
    ..\..\Libraries\FWlib\src\stm32f10x_flash.c 0x00000000   Number         0  stm32f10x_flash.o ABSOLUTE
    ..\..\Libraries\FWlib\src\stm32f10x_fsmc.c 0x00000000   Number         0  stm32f10x_fsmc.o ABSOLUTE
    ..\..\Libraries\FWlib\src\stm32f10x_gpio.c 0x00000000   Number         0  stm32f10x_gpio.o ABSOLUTE
    ..\..\Libraries\FWlib\src\stm32f10x_i2c.c 0x00000000   Number         0  stm32f10x_i2c.o ABSOLUTE
    ..\..\Libraries\FWlib\src\stm32f10x_iwdg.c 0x00000000   Number         0  stm32f10x_iwdg.o ABSOLUTE
    ..\..\Libraries\FWlib\src\stm32f10x_pwr.c 0x00000000   Number         0  stm32f10x_pwr.o ABSOLUTE
    ..\..\Libraries\FWlib\src\stm32f10x_rcc.c 0x00000000   Number         0  stm32f10x_rcc.o ABSOLUTE
    ..\..\Libraries\FWlib\src\stm32f10x_rtc.c 0x00000000   Number         0  stm32f10x_rtc.o ABSOLUTE
    ..\..\Libraries\FWlib\src\stm32f10x_sdio.c 0x00000000   Number         0  stm32f10x_sdio.o ABSOLUTE
    ..\..\Libraries\FWlib\src\stm32f10x_spi.c 0x00000000   Number         0  stm32f10x_spi.o ABSOLUTE
    ..\..\Libraries\FWlib\src\stm32f10x_tim.c 0x00000000   Number         0  stm32f10x_tim.o ABSOLUTE
    ..\..\Libraries\FWlib\src\stm32f10x_usart.c 0x00000000   Number         0  stm32f10x_usart.o ABSOLUTE
    ..\..\Libraries\FWlib\src\stm32f10x_wwdg.c 0x00000000   Number         0  stm32f10x_wwdg.o ABSOLUTE
    ..\..\User\FreeRTOS\croutine.c           0x00000000   Number         0  croutine.o ABSOLUTE
    ..\..\User\FreeRTOS\event_groups.c       0x00000000   Number         0  event_groups.o ABSOLUTE
    ..\..\User\FreeRTOS\list.c               0x00000000   Number         0  list.o ABSOLUTE
    ..\..\User\FreeRTOS\portable\MemMang\heap_4.c 0x00000000   Number         0  heap_4.o ABSOLUTE
    ..\..\User\FreeRTOS\portable\RVDS\ARM_CM3\port.c 0x00000000   Number         0  port.o ABSOLUTE
    ..\..\User\FreeRTOS\queue.c              0x00000000   Number         0  queue.o ABSOLUTE
    ..\..\User\FreeRTOS\tasks.c              0x00000000   Number         0  tasks.o ABSOLUTE
    ..\..\User\FreeRTOS\timers.c             0x00000000   Number         0  timers.o ABSOLUTE
    ..\..\User\adc\bsp_adc.c                 0x00000000   Number         0  bsp_adc.o ABSOLUTE
    ..\..\User\capture\capture.c             0x00000000   Number         0  capture.o ABSOLUTE
    ..\..\User\delay\delay.c                 0x00000000   Number         0  delay.o ABSOLUTE
    ..\..\User\main.c                        0x00000000   Number         0  main.o ABSOLUTE
    ..\..\User\pwm\pwm.c                     0x00000000   Number         0  pwm.o ABSOLUTE
    ..\..\User\stm32f10x_it.c                0x00000000   Number         0  stm32f10x_it.o ABSOLUTE
    ..\..\User\sys\sys.c                     0x00000000   Number         0  sys.o ABSOLUTE
    ..\..\User\tim\tim.c                     0x00000000   Number         0  tim.o ABSOLUTE
    ..\..\User\usart\bsp_usart.c             0x00000000   Number         0  bsp_usart.o ABSOLUTE
    ..\..\User\usart\usart.c                 0x00000000   Number         0  usart.o ABSOLUTE
    ..\\..\\Libraries\\CMSIS\\core_cm3.c     0x00000000   Number         0  core_cm3.o ABSOLUTE
    ..\\..\\User\\FreeRTOS\\portable\\RVDS\\ARM_CM3\\port.c 0x00000000   Number         0  port.o ABSOLUTE
    ..\\..\\User\\sys\\sys.c                 0x00000000   Number         0  sys.o ABSOLUTE
    cdrcmple.s                               0x00000000   Number         0  cdrcmple.o ABSOLUTE
    cfcmple.s                                0x00000000   Number         0  cfcmple.o ABSOLUTE
    cfrcmple.s                               0x00000000   Number         0  cfrcmple.o ABSOLUTE
    dc.s                                     0x00000000   Number         0  dc.o ABSOLUTE
    handlers.s                               0x00000000   Number         0  handlers.o ABSOLUTE
    init.s                                   0x00000000   Number         0  init.o ABSOLUTE
    RESET                                    0x08000000   Section      236  startup_stm32f10x_md.o(RESET)
    .ARM.Collect$$$$00000000                 0x080000ec   Section        0  entry.o(.ARM.Collect$$$$00000000)
    .ARM.Collect$$$$00000001                 0x080000ec   Section        4  entry2.o(.ARM.Collect$$$$00000001)
    .ARM.Collect$$$$00000004                 0x080000f0   Section        4  entry5.o(.ARM.Collect$$$$00000004)
    .ARM.Collect$$$$00000008                 0x080000f4   Section        0  entry7b.o(.ARM.Collect$$$$00000008)
    .ARM.Collect$$$$0000000A                 0x080000f4   Section        0  entry8b.o(.ARM.Collect$$$$0000000A)
    .ARM.Collect$$$$0000000B                 0x080000f4   Section        8  entry9a.o(.ARM.Collect$$$$0000000B)
    .ARM.Collect$$$$0000000D                 0x080000fc   Section        0  entry10a.o(.ARM.Collect$$$$0000000D)
    .ARM.Collect$$$$0000000F                 0x080000fc   Section        0  entry11a.o(.ARM.Collect$$$$0000000F)
    .ARM.Collect$$$$00002712                 0x080000fc   Section        4  entry2.o(.ARM.Collect$$$$00002712)
    __lit__00000000                          0x080000fc   Data           4  entry2.o(.ARM.Collect$$$$00002712)
    .emb_text                                0x08000100   Section      150  port.o(.emb_text)
    .text                                    0x08000198   Section       36  startup_stm32f10x_md.o(.text)
    .text                                    0x080001bc   Section        0  system_stm32f10x.o(.text)
    SetSysClockTo72                          0x080001bd   Thumb Code   214  system_stm32f10x.o(.text)
    SetSysClock                              0x08000293   Thumb Code     8  system_stm32f10x.o(.text)
    .text                                    0x0800039c   Section        0  misc.o(.text)
    .text                                    0x08000478   Section        0  stm32f10x_adc.o(.text)
    .text                                    0x080008c8   Section        0  stm32f10x_gpio.o(.text)
    .text                                    0x08000c24   Section        0  stm32f10x_rcc.o(.text)
    .text                                    0x08000fc8   Section        0  stm32f10x_tim.o(.text)
    TI4_Config                               0x0800146f   Thumb Code   130  stm32f10x_tim.o(.text)
    TI3_Config                               0x08001503   Thumb Code   122  stm32f10x_tim.o(.text)
    TI2_Config                               0x08001597   Thumb Code   130  stm32f10x_tim.o(.text)
    TI1_Config                               0x0800162b   Thumb Code   108  stm32f10x_tim.o(.text)
    .text                                    0x08001de4   Section        0  stm32f10x_usart.o(.text)
    .text                                    0x080021ec   Section        0  main.o(.text)
    .text                                    0x08002410   Section        0  stm32f10x_it.o(.text)
    .text                                    0x08002424   Section        0  bsp_adc.o(.text)
    ADCx_GPIO_Config                         0x08002425   Thumb Code    32  bsp_adc.o(.text)
    ADCx_Mode_Config                         0x08002445   Thumb Code   230  bsp_adc.o(.text)
    ADC_NVIC_Config                          0x0800252b   Thumb Code    30  bsp_adc.o(.text)
    .text                                    0x080025b4   Section        0  bsp_usart.o(.text)
    NVIC_Configuration                       0x080025b5   Thumb Code    38  bsp_usart.o(.text)
    .text                                    0x08002758   Section        0  pwm.o(.text)
    .text                                    0x080028c0   Section        0  delay.o(.text)
    .text                                    0x08002a24   Section        0  usart.o(.text)
    .text                                    0x08002b3c   Section        0  capture.o(.text)
    .text                                    0x08002cf4   Section        0  list.o(.text)
    .text                                    0x08002d88   Section        0  queue.o(.text)
    prvInitialiseNewQueue                    0x08002e11   Thumb Code    46  queue.o(.text)
    prvCopyDataToQueue                       0x08002e8d   Thumb Code   124  queue.o(.text)
    prvNotifyQueueSetContainer               0x08002f09   Thumb Code   124  queue.o(.text)
    prvUnlockQueue                           0x08002f85   Thumb Code   146  queue.o(.text)
    prvIsQueueFull                           0x08003017   Thumb Code    30  queue.o(.text)
    prvInitialiseMutex                       0x08003205   Thumb Code    28  queue.o(.text)
    prvIsQueueEmpty                          0x08003285   Thumb Code    26  queue.o(.text)
    prvCopyDataFromQueue                     0x0800329f   Thumb Code    42  queue.o(.text)
    .text                                    0x08003a9c   Section        0  tasks.o(.text)
    prvInitialiseTaskLists                   0x08003a9d   Thumb Code    70  tasks.o(.text)
    prvAddNewTaskToReadyList                 0x08003ae3   Thumb Code   156  tasks.o(.text)
    prvInitialiseNewTask                     0x08003b7f   Thumb Code   170  tasks.o(.text)
    prvResetNextTaskUnblockTime              0x08003c89   Thumb Code    42  tasks.o(.text)
    prvDeleteTCB                             0x08003cb3   Thumb Code    18  tasks.o(.text)
    prvAddCurrentTaskToDelayedList           0x08003fef   Thumb Code   124  tasks.o(.text)
    prvTaskIsTaskSuspended                   0x080044af   Thumb Code    76  tasks.o(.text)
    prvCheckTasksWaitingTermination          0x0800460d   Thumb Code    86  tasks.o(.text)
    prvIdleTask                              0x08004663   Thumb Code    32  tasks.o(.text)
    prvTaskCheckFreeStackSpace               0x080047a1   Thumb Code    22  tasks.o(.text)
    prvListTasksWithinSingleList             0x08004829   Thumb Code   106  tasks.o(.text)
    prvWriteNameToBuffer                     0x08004d53   Thumb Code    42  tasks.o(.text)
    .text                                    0x080052c4   Section        0  timers.o(.text)
    prvInsertTimerInActiveList               0x080052c5   Thumb Code    80  timers.o(.text)
    prvSwitchTimerLists                      0x0800538b   Thumb Code   140  timers.o(.text)
    prvSampleTimeNow                         0x08005417   Thumb Code    40  timers.o(.text)
    prvProcessReceivedCommands               0x0800543f   Thumb Code   254  timers.o(.text)
    prvProcessExpiredTimer                   0x0800553d   Thumb Code    84  timers.o(.text)
    prvProcessTimerOrBlockTask               0x08005591   Thumb Code   102  timers.o(.text)
    prvGetNextExpireTime                     0x080055f7   Thumb Code    36  timers.o(.text)
    prvTimerTask                             0x0800561b   Thumb Code    26  timers.o(.text)
    prvCheckForValidListAndQueue             0x08005635   Thumb Code    72  timers.o(.text)
    prvInitialiseNewTimer                    0x080056b5   Thumb Code   174  timers.o(.text)
    .text                                    0x0800590c   Section        0  port.o(.text)
    prvTaskExitError                         0x0800590d   Thumb Code    48  port.o(.text)
    .text                                    0x08005b80   Section        0  heap_4.o(.text)
    prvInsertBlockIntoFreeList               0x08005b81   Thumb Code    96  heap_4.o(.text)
    prvHeapInit                              0x08005be1   Thumb Code    98  heap_4.o(.text)
    .text                                    0x08005e28   Section        0  oled.o(.text)
    .text                                    0x080063cc   Section        0  memcpya.o(.text)
    .text                                    0x080063f0   Section        0  memseta.o(.text)
    .text                                    0x08006414   Section        0  strlen.o(.text)
    .text                                    0x08006422   Section        0  strcpy.o(.text)
    .text                                    0x08006434   Section        0  uidiv.o(.text)
    .text                                    0x08006460   Section        0  uldiv.o(.text)
    .text                                    0x080064c2   Section        0  dadd.o(.text)
    .text                                    0x080064c2   Section        0  iusefp.o(.text)
    .text                                    0x08006610   Section        0  dmul.o(.text)
    .text                                    0x080066f4   Section        0  ddiv.o(.text)
    .text                                    0x080067d2   Section        0  dfixul.o(.text)
    .text                                    0x08006804   Section       48  cdrcmple.o(.text)
    .text                                    0x08006834   Section       36  init.o(.text)
    .text                                    0x08006858   Section        0  llshl.o(.text)
    .text                                    0x08006876   Section        0  llushr.o(.text)
    .text                                    0x08006896   Section        0  llsshr.o(.text)
    .text                                    0x080068ba   Section        0  depilogue.o(.text)
    .text                                    0x08006974   Section        0  __dczerorl2.o(.text)
    i.__0printf$3                            0x080069cc   Section        0  printf3.o(i.__0printf$3)
    i.__0sprintf$3                           0x080069ec   Section        0  printf3.o(i.__0sprintf$3)
    i.__0vsnprintf                           0x08006a14   Section        0  printfa.o(i.__0vsnprintf)
    i.__scatterload_copy                     0x08006a38   Section       14  handlers.o(i.__scatterload_copy)
    i.__scatterload_null                     0x08006a46   Section        2  handlers.o(i.__scatterload_null)
    i.__scatterload_zeroinit                 0x08006a48   Section       14  handlers.o(i.__scatterload_zeroinit)
    i._fp_digits                             0x08006a58   Section        0  printfa.o(i._fp_digits)
    _fp_digits                               0x08006a59   Thumb Code   334  printfa.o(i._fp_digits)
    i._printf_core                           0x08006bbc   Section        0  printf3.o(i._printf_core)
    _printf_core                             0x08006bbd   Thumb Code   436  printf3.o(i._printf_core)
    i._printf_core                           0x08006d74   Section        0  printfa.o(i._printf_core)
    _printf_core                             0x08006d75   Thumb Code  1744  printfa.o(i._printf_core)
    i._printf_post_padding                   0x08007450   Section        0  printfa.o(i._printf_post_padding)
    _printf_post_padding                     0x08007451   Thumb Code    36  printfa.o(i._printf_post_padding)
    i._printf_pre_padding                    0x08007474   Section        0  printfa.o(i._printf_pre_padding)
    _printf_pre_padding                      0x08007475   Thumb Code    46  printfa.o(i._printf_pre_padding)
    i._snputc                                0x080074a2   Section        0  printfa.o(i._snputc)
    _snputc                                  0x080074a3   Thumb Code    22  printfa.o(i._snputc)
    i._sputc                                 0x080074b8   Section        0  printf3.o(i._sputc)
    _sputc                                   0x080074b9   Thumb Code    10  printf3.o(i._sputc)
    .constdata                               0x080074c2   Section     2072  oled.o(.constdata)
    .data                                    0x20000000   Section       20  system_stm32f10x.o(.data)
    .data                                    0x20000014   Section       20  stm32f10x_rcc.o(.data)
    APBAHBPrescTable                         0x20000014   Data          16  stm32f10x_rcc.o(.data)
    ADCPrescTable                            0x20000024   Data           4  stm32f10x_rcc.o(.data)
    .data                                    0x20000028   Section     2088  main.o(.data)
    .data                                    0x20000850   Section        4  bsp_adc.o(.data)
    .data                                    0x20000854   Section        4  delay.o(.data)
    fac_us                                   0x20000854   Data           1  delay.o(.data)
    fac_ms                                   0x20000856   Data           2  delay.o(.data)
    .data                                    0x20000858   Section        6  usart.o(.data)
    .data                                    0x2000085e   Section        4  capture.o(.data)
    .data                                    0x20000864   Section       60  tasks.o(.data)
    pxDelayedTaskList                        0x20000868   Data           4  tasks.o(.data)
    pxOverflowDelayedTaskList                0x2000086c   Data           4  tasks.o(.data)
    uxDeletedTasksWaitingCleanUp             0x20000870   Data           4  tasks.o(.data)
    uxCurrentNumberOfTasks                   0x20000874   Data           4  tasks.o(.data)
    xTickCount                               0x20000878   Data           4  tasks.o(.data)
    uxTopReadyPriority                       0x2000087c   Data           4  tasks.o(.data)
    xSchedulerRunning                        0x20000880   Data           4  tasks.o(.data)
    uxPendedTicks                            0x20000884   Data           4  tasks.o(.data)
    xYieldPending                            0x20000888   Data           4  tasks.o(.data)
    xNumOfOverflows                          0x2000088c   Data           4  tasks.o(.data)
    uxTaskNumber                             0x20000890   Data           4  tasks.o(.data)
    xNextTaskUnblockTime                     0x20000894   Data           4  tasks.o(.data)
    xIdleTaskHandle                          0x20000898   Data           4  tasks.o(.data)
    uxSchedulerSuspended                     0x2000089c   Data           4  tasks.o(.data)
    .data                                    0x200008a0   Section       20  timers.o(.data)
    pxCurrentTimerList                       0x200008a0   Data           4  timers.o(.data)
    pxOverflowTimerList                      0x200008a4   Data           4  timers.o(.data)
    xTimerQueue                              0x200008a8   Data           4  timers.o(.data)
    xTimerTaskHandle                         0x200008ac   Data           4  timers.o(.data)
    xLastTime                                0x200008b0   Data           4  timers.o(.data)
    .data                                    0x200008b4   Section       12  port.o(.data)
    uxCriticalNesting                        0x200008b4   Data           4  port.o(.data)
    ucMaxSysCallPriority                     0x200008b8   Data           1  port.o(.data)
    ulMaxPRIGROUPValue                       0x200008bc   Data           4  port.o(.data)
    .data                                    0x200008c0   Section       24  heap_4.o(.data)
    xStart                                   0x200008c0   Data           8  heap_4.o(.data)
    pxEnd                                    0x200008c8   Data           4  heap_4.o(.data)
    xFreeBytesRemaining                      0x200008cc   Data           4  heap_4.o(.data)
    xMinimumEverFreeBytesRemaining           0x200008d0   Data           4  heap_4.o(.data)
    xBlockAllocatedBit                       0x200008d4   Data           4  heap_4.o(.data)
    .data                                    0x200008d8   Section     1216  oled.o(.data)
    .bss                                     0x20000d98   Section       64  queue.o(.bss)
    .bss                                     0x20000dd8   Section      740  tasks.o(.bss)
    pxReadyTasksLists                        0x20000dd8   Data         640  tasks.o(.bss)
    xDelayedTaskList1                        0x20001058   Data          20  tasks.o(.bss)
    xDelayedTaskList2                        0x2000106c   Data          20  tasks.o(.bss)
    xPendingReadyList                        0x20001080   Data          20  tasks.o(.bss)
    xTasksWaitingTermination                 0x20001094   Data          20  tasks.o(.bss)
    xSuspendedTaskList                       0x200010a8   Data          20  tasks.o(.bss)
    .bss                                     0x200010bc   Section       40  timers.o(.bss)
    xActiveTimerList1                        0x200010bc   Data          20  timers.o(.bss)
    xActiveTimerList2                        0x200010d0   Data          20  timers.o(.bss)
    .bss                                     0x200010e4   Section    10240  heap_4.o(.bss)
    ucHeap                                   0x200010e4   Data       10240  heap_4.o(.bss)
    STACK                                    0x200038e8   Section     1024  startup_stm32f10x_md.o(STACK)

    Global Symbols

    Symbol Name                              Value     Ov Type        Size  Object(Section)

    BuildAttributes$$THM_ISAv4$P$D$K$B$S$PE$A:L22UL41UL21$X:L11$S22US41US21$IEEE1$IW$USESV6$~STKCKD$USESV7$~SHL$OSPACE$ROPI$EBA8$MICROLIB$REQ8$PRES8$EABIv2 0x00000000   Number         0  anon$$obj.o ABSOLUTE
    __ARM_use_no_argv                        0x00000000   Number         0  main.o ABSOLUTE
    __use_no_errno                           0x00000000   Number         0  useno.o ABSOLUTE
    __use_no_exception_handling              0x00000000   Number         0  useno.o ABSOLUTE
    __use_no_fp                              0x00000000   Number         0  useno.o ABSOLUTE
    __use_no_heap                            0x00000000   Number         0  useno.o ABSOLUTE
    __use_no_heap_region                     0x00000000   Number         0  useno.o ABSOLUTE
    __use_no_semihosting                     0x00000000   Number         0  useno.o ABSOLUTE
    __use_no_semihosting_swi                 0x00000000   Number         0  useno.o ABSOLUTE
    __use_no_signal_handling                 0x00000000   Number         0  useno.o ABSOLUTE
    _printf_a                                0x00000000   Number         0  stubs.o ABSOLUTE
    _printf_c                                0x00000000   Number         0  stubs.o ABSOLUTE
    _printf_charcount                        0x00000000   Number         0  stubs.o ABSOLUTE
    _printf_d                                0x00000000   Number         0  stubs.o ABSOLUTE
    _printf_e                                0x00000000   Number         0  stubs.o ABSOLUTE
    _printf_f                                0x00000000   Number         0  stubs.o ABSOLUTE
    _printf_flags                            0x00000000   Number         0  stubs.o ABSOLUTE
    _printf_fp_dec                           0x00000000   Number         0  stubs.o ABSOLUTE
    _printf_fp_hex                           0x00000000   Number         0  stubs.o ABSOLUTE
    _printf_g                                0x00000000   Number         0  stubs.o ABSOLUTE
    _printf_i                                0x00000000   Number         0  stubs.o ABSOLUTE
    _printf_int_dec                          0x00000000   Number         0  stubs.o ABSOLUTE
    _printf_l                                0x00000000   Number         0  stubs.o ABSOLUTE
    _printf_lc                               0x00000000   Number         0  stubs.o ABSOLUTE
    _printf_ll                               0x00000000   Number         0  stubs.o ABSOLUTE
    _printf_lld                              0x00000000   Number         0  stubs.o ABSOLUTE
    _printf_lli                              0x00000000   Number         0  stubs.o ABSOLUTE
    _printf_llo                              0x00000000   Number         0  stubs.o ABSOLUTE
    _printf_llu                              0x00000000   Number         0  stubs.o ABSOLUTE
    _printf_llx                              0x00000000   Number         0  stubs.o ABSOLUTE
    _printf_longlong_dec                     0x00000000   Number         0  stubs.o ABSOLUTE
    _printf_longlong_hex                     0x00000000   Number         0  stubs.o ABSOLUTE
    _printf_longlong_oct                     0x00000000   Number         0  stubs.o ABSOLUTE
    _printf_ls                               0x00000000   Number         0  stubs.o ABSOLUTE
    _printf_mbtowc                           0x00000000   Number         0  stubs.o ABSOLUTE
    _printf_n                                0x00000000   Number         0  stubs.o ABSOLUTE
    _printf_o                                0x00000000   Number         0  stubs.o ABSOLUTE
    _printf_p                                0x00000000   Number         0  stubs.o ABSOLUTE
    _printf_percent                          0x00000000   Number         0  stubs.o ABSOLUTE
    _printf_pre_padding                      0x00000000   Number         0  stubs.o ABSOLUTE
    _printf_return_value                     0x00000000   Number         0  stubs.o ABSOLUTE
    _printf_s                                0x00000000   Number         0  stubs.o ABSOLUTE
    _printf_sizespec                         0x00000000   Number         0  stubs.o ABSOLUTE
    _printf_str                              0x00000000   Number         0  stubs.o ABSOLUTE
    _printf_truncate_signed                  0x00000000   Number         0  stubs.o ABSOLUTE
    _printf_truncate_unsigned                0x00000000   Number         0  stubs.o ABSOLUTE
    _printf_u                                0x00000000   Number         0  stubs.o ABSOLUTE
    _printf_wc                               0x00000000   Number         0  stubs.o ABSOLUTE
    _printf_wctomb                           0x00000000   Number         0  stubs.o ABSOLUTE
    _printf_widthprec                        0x00000000   Number         0  stubs.o ABSOLUTE
    _printf_x                                0x00000000   Number         0  stubs.o ABSOLUTE
    __cpp_initialize__aeabi_                  - Undefined Weak Reference
    __cxa_finalize                            - Undefined Weak Reference
    _clock_init                               - Undefined Weak Reference
    _microlib_exit                            - Undefined Weak Reference
    __Vectors_Size                           0x000000ec   Number         0  startup_stm32f10x_md.o ABSOLUTE
    __Vectors                                0x08000000   Data           4  startup_stm32f10x_md.o(RESET)
    __Vectors_End                            0x080000ec   Data           0  startup_stm32f10x_md.o(RESET)
    __main                                   0x080000ed   Thumb Code     0  entry.o(.ARM.Collect$$$$00000000)
    _main_stk                                0x080000ed   Thumb Code     0  entry2.o(.ARM.Collect$$$$00000001)
    _main_scatterload                        0x080000f1   Thumb Code     0  entry5.o(.ARM.Collect$$$$00000004)
    __main_after_scatterload                 0x080000f5   Thumb Code     0  entry5.o(.ARM.Collect$$$$00000004)
    _main_clock                              0x080000f5   Thumb Code     0  entry7b.o(.ARM.Collect$$$$00000008)
    _main_cpp_init                           0x080000f5   Thumb Code     0  entry8b.o(.ARM.Collect$$$$0000000A)
    _main_init                               0x080000f5   Thumb Code     0  entry9a.o(.ARM.Collect$$$$0000000B)
    __rt_final_cpp                           0x080000fd   Thumb Code     0  entry10a.o(.ARM.Collect$$$$0000000D)
    __rt_final_exit                          0x080000fd   Thumb Code     0  entry11a.o(.ARM.Collect$$$$0000000F)
    SVC_Handler                              0x08000101   Thumb Code    32  port.o(.emb_text)
    __asm___6_port_c_39a90d8d__prvStartFirstTask 0x08000125   Thumb Code    28  port.o(.emb_text)
    PendSV_Handler                           0x08000145   Thumb Code    72  port.o(.emb_text)
    vPortGetIPSR                             0x08000191   Thumb Code     6  port.o(.emb_text)
    Reset_Handler                            0x08000199   Thumb Code     8  startup_stm32f10x_md.o(.text)
    CAN1_RX1_IRQHandler                      0x080001b3   Thumb Code     0  startup_stm32f10x_md.o(.text)
    CAN1_SCE_IRQHandler                      0x080001b3   Thumb Code     0  startup_stm32f10x_md.o(.text)
    DMA1_Channel1_IRQHandler                 0x080001b3   Thumb Code     0  startup_stm32f10x_md.o(.text)
    DMA1_Channel2_IRQHandler                 0x080001b3   Thumb Code     0  startup_stm32f10x_md.o(.text)
    DMA1_Channel3_IRQHandler                 0x080001b3   Thumb Code     0  startup_stm32f10x_md.o(.text)
    DMA1_Channel4_IRQHandler                 0x080001b3   Thumb Code     0  startup_stm32f10x_md.o(.text)
    DMA1_Channel5_IRQHandler                 0x080001b3   Thumb Code     0  startup_stm32f10x_md.o(.text)
    DMA1_Channel6_IRQHandler                 0x080001b3   Thumb Code     0  startup_stm32f10x_md.o(.text)
    DMA1_Channel7_IRQHandler                 0x080001b3   Thumb Code     0  startup_stm32f10x_md.o(.text)
    EXTI0_IRQHandler                         0x080001b3   Thumb Code     0  startup_stm32f10x_md.o(.text)
    EXTI15_10_IRQHandler                     0x080001b3   Thumb Code     0  startup_stm32f10x_md.o(.text)
    EXTI1_IRQHandler                         0x080001b3   Thumb Code     0  startup_stm32f10x_md.o(.text)
    EXTI2_IRQHandler                         0x080001b3   Thumb Code     0  startup_stm32f10x_md.o(.text)
    EXTI3_IRQHandler                         0x080001b3   Thumb Code     0  startup_stm32f10x_md.o(.text)
    EXTI4_IRQHandler                         0x080001b3   Thumb Code     0  startup_stm32f10x_md.o(.text)
    EXTI9_5_IRQHandler                       0x080001b3   Thumb Code     0  startup_stm32f10x_md.o(.text)
    FLASH_IRQHandler                         0x080001b3   Thumb Code     0  startup_stm32f10x_md.o(.text)
    I2C1_ER_IRQHandler                       0x080001b3   Thumb Code     0  startup_stm32f10x_md.o(.text)
    I2C1_EV_IRQHandler                       0x080001b3   Thumb Code     0  startup_stm32f10x_md.o(.text)
    I2C2_ER_IRQHandler                       0x080001b3   Thumb Code     0  startup_stm32f10x_md.o(.text)
    I2C2_EV_IRQHandler                       0x080001b3   Thumb Code     0  startup_stm32f10x_md.o(.text)
    PVD_IRQHandler                           0x080001b3   Thumb Code     0  startup_stm32f10x_md.o(.text)
    RCC_IRQHandler                           0x080001b3   Thumb Code     0  startup_stm32f10x_md.o(.text)
    RTCAlarm_IRQHandler                      0x080001b3   Thumb Code     0  startup_stm32f10x_md.o(.text)
    RTC_IRQHandler                           0x080001b3   Thumb Code     0  startup_stm32f10x_md.o(.text)
    SPI1_IRQHandler                          0x080001b3   Thumb Code     0  startup_stm32f10x_md.o(.text)
    SPI2_IRQHandler                          0x080001b3   Thumb Code     0  startup_stm32f10x_md.o(.text)
    TAMPER_IRQHandler                        0x080001b3   Thumb Code     0  startup_stm32f10x_md.o(.text)
    TIM1_BRK_IRQHandler                      0x080001b3   Thumb Code     0  startup_stm32f10x_md.o(.text)
    TIM1_CC_IRQHandler                       0x080001b3   Thumb Code     0  startup_stm32f10x_md.o(.text)
    TIM1_TRG_COM_IRQHandler                  0x080001b3   Thumb Code     0  startup_stm32f10x_md.o(.text)
    TIM1_UP_IRQHandler                       0x080001b3   Thumb Code     0  startup_stm32f10x_md.o(.text)
    TIM3_IRQHandler                          0x080001b3   Thumb Code     0  startup_stm32f10x_md.o(.text)
    TIM4_IRQHandler                          0x080001b3   Thumb Code     0  startup_stm32f10x_md.o(.text)
    USART2_IRQHandler                        0x080001b3   Thumb Code     0  startup_stm32f10x_md.o(.text)
    USART3_IRQHandler                        0x080001b3   Thumb Code     0  startup_stm32f10x_md.o(.text)
    USBWakeUp_IRQHandler                     0x080001b3   Thumb Code     0  startup_stm32f10x_md.o(.text)
    USB_HP_CAN1_TX_IRQHandler                0x080001b3   Thumb Code     0  startup_stm32f10x_md.o(.text)
    USB_LP_CAN1_RX0_IRQHandler               0x080001b3   Thumb Code     0  startup_stm32f10x_md.o(.text)
    WWDG_IRQHandler                          0x080001b3   Thumb Code     0  startup_stm32f10x_md.o(.text)
    SystemInit                               0x0800029b   Thumb Code    78  system_stm32f10x.o(.text)
    SystemCoreClockUpdate                    0x080002e9   Thumb Code   142  system_stm32f10x.o(.text)
    NVIC_PriorityGroupConfig                 0x0800039d   Thumb Code    10  misc.o(.text)
    NVIC_Init                                0x080003a7   Thumb Code   100  misc.o(.text)
    NVIC_SetVectorTable                      0x0800040b   Thumb Code    14  misc.o(.text)
    NVIC_SystemLPConfig                      0x08000419   Thumb Code    34  misc.o(.text)
    SysTick_CLKSourceConfig                  0x0800043b   Thumb Code    40  misc.o(.text)
    ADC_DeInit                               0x08000479   Thumb Code    78  stm32f10x_adc.o(.text)
    ADC_Init                                 0x080004c7   Thumb Code    70  stm32f10x_adc.o(.text)
    ADC_StructInit                           0x0800050d   Thumb Code    18  stm32f10x_adc.o(.text)
    ADC_Cmd                                  0x0800051f   Thumb Code    22  stm32f10x_adc.o(.text)
    ADC_DMACmd                               0x08000535   Thumb Code    22  stm32f10x_adc.o(.text)
    ADC_ITConfig                             0x0800054b   Thumb Code    24  stm32f10x_adc.o(.text)
    ADC_ResetCalibration                     0x08000563   Thumb Code    10  stm32f10x_adc.o(.text)
    ADC_GetResetCalibrationStatus            0x0800056d   Thumb Code    20  stm32f10x_adc.o(.text)
    ADC_StartCalibration                     0x08000581   Thumb Code    10  stm32f10x_adc.o(.text)
    ADC_GetCalibrationStatus                 0x0800058b   Thumb Code    20  stm32f10x_adc.o(.text)
    ADC_SoftwareStartConvCmd                 0x0800059f   Thumb Code    22  stm32f10x_adc.o(.text)
    ADC_GetSoftwareStartConvStatus           0x080005b5   Thumb Code    20  stm32f10x_adc.o(.text)
    ADC_DiscModeChannelCountConfig           0x080005c9   Thumb Code    24  stm32f10x_adc.o(.text)
    ADC_DiscModeCmd                          0x080005e1   Thumb Code    22  stm32f10x_adc.o(.text)
    ADC_RegularChannelConfig                 0x080005f7   Thumb Code   184  stm32f10x_adc.o(.text)
    ADC_ExternalTrigConvCmd                  0x080006af   Thumb Code    22  stm32f10x_adc.o(.text)
    ADC_GetConversionValue                   0x080006c5   Thumb Code     8  stm32f10x_adc.o(.text)
    ADC_GetDualModeConversionValue           0x080006cd   Thumb Code     8  stm32f10x_adc.o(.text)
    ADC_AutoInjectedConvCmd                  0x080006d5   Thumb Code    22  stm32f10x_adc.o(.text)
    ADC_InjectedDiscModeCmd                  0x080006eb   Thumb Code    22  stm32f10x_adc.o(.text)
    ADC_ExternalTrigInjectedConvConfig       0x08000701   Thumb Code    16  stm32f10x_adc.o(.text)
    ADC_ExternalTrigInjectedConvCmd          0x08000711   Thumb Code    22  stm32f10x_adc.o(.text)
    ADC_SoftwareStartInjectedConvCmd         0x08000727   Thumb Code    22  stm32f10x_adc.o(.text)
    ADC_GetSoftwareStartInjectedConvCmdStatus 0x0800073d   Thumb Code    20  stm32f10x_adc.o(.text)
    ADC_InjectedChannelConfig                0x08000751   Thumb Code   130  stm32f10x_adc.o(.text)
    ADC_InjectedSequencerLengthConfig        0x080007d3   Thumb Code    24  stm32f10x_adc.o(.text)
    ADC_SetInjectedOffset                    0x080007eb   Thumb Code    20  stm32f10x_adc.o(.text)
    ADC_GetInjectedConversionValue           0x080007ff   Thumb Code    28  stm32f10x_adc.o(.text)
    ADC_AnalogWatchdogCmd                    0x0800081b   Thumb Code    16  stm32f10x_adc.o(.text)
    ADC_AnalogWatchdogThresholdsConfig       0x0800082b   Thumb Code     6  stm32f10x_adc.o(.text)
    ADC_AnalogWatchdogSingleChannelConfig    0x08000831   Thumb Code    16  stm32f10x_adc.o(.text)
    ADC_TempSensorVrefintCmd                 0x08000841   Thumb Code    64  stm32f10x_adc.o(.text)
    ADC_GetFlagStatus                        0x08000881   Thumb Code    18  stm32f10x_adc.o(.text)
    ADC_ClearFlag                            0x08000893   Thumb Code     6  stm32f10x_adc.o(.text)
    ADC_GetITStatus                          0x08000899   Thumb Code    36  stm32f10x_adc.o(.text)
    ADC_ClearITPendingBit                    0x080008bd   Thumb Code    10  stm32f10x_adc.o(.text)
    GPIO_DeInit                              0x080008c9   Thumb Code   172  stm32f10x_gpio.o(.text)
    GPIO_AFIODeInit                          0x08000975   Thumb Code    20  stm32f10x_gpio.o(.text)
    GPIO_Init                                0x08000989   Thumb Code   278  stm32f10x_gpio.o(.text)
    GPIO_StructInit                          0x08000a9f   Thumb Code    16  stm32f10x_gpio.o(.text)
    GPIO_ReadInputDataBit                    0x08000aaf   Thumb Code    18  stm32f10x_gpio.o(.text)
    GPIO_ReadInputData                       0x08000ac1   Thumb Code     8  stm32f10x_gpio.o(.text)
    GPIO_ReadOutputDataBit                   0x08000ac9   Thumb Code    18  stm32f10x_gpio.o(.text)
    GPIO_ReadOutputData                      0x08000adb   Thumb Code     8  stm32f10x_gpio.o(.text)
    GPIO_SetBits                             0x08000ae3   Thumb Code     4  stm32f10x_gpio.o(.text)
    GPIO_ResetBits                           0x08000ae7   Thumb Code     4  stm32f10x_gpio.o(.text)
    GPIO_WriteBit                            0x08000aeb   Thumb Code    10  stm32f10x_gpio.o(.text)
    GPIO_Write                               0x08000af5   Thumb Code     4  stm32f10x_gpio.o(.text)
    GPIO_PinLockConfig                       0x08000af9   Thumb Code    18  stm32f10x_gpio.o(.text)
    GPIO_EventOutputConfig                   0x08000b0b   Thumb Code    26  stm32f10x_gpio.o(.text)
    GPIO_EventOutputCmd                      0x08000b25   Thumb Code     6  stm32f10x_gpio.o(.text)
    GPIO_PinRemapConfig                      0x08000b2b   Thumb Code   138  stm32f10x_gpio.o(.text)
    GPIO_EXTILineConfig                      0x08000bb5   Thumb Code    66  stm32f10x_gpio.o(.text)
    GPIO_ETH_MediaInterfaceConfig            0x08000bf7   Thumb Code     8  stm32f10x_gpio.o(.text)
    RCC_DeInit                               0x08000c25   Thumb Code    64  stm32f10x_rcc.o(.text)
    RCC_HSEConfig                            0x08000c65   Thumb Code    70  stm32f10x_rcc.o(.text)
    RCC_GetFlagStatus                        0x08000cab   Thumb Code    56  stm32f10x_rcc.o(.text)
    RCC_WaitForHSEStartUp                    0x08000ce3   Thumb Code    56  stm32f10x_rcc.o(.text)
    RCC_AdjustHSICalibrationValue            0x08000d1b   Thumb Code    20  stm32f10x_rcc.o(.text)
    RCC_HSICmd                               0x08000d2f   Thumb Code     6  stm32f10x_rcc.o(.text)
    RCC_PLLConfig                            0x08000d35   Thumb Code    24  stm32f10x_rcc.o(.text)
    RCC_PLLCmd                               0x08000d4d   Thumb Code     6  stm32f10x_rcc.o(.text)
    RCC_SYSCLKConfig                         0x08000d53   Thumb Code    18  stm32f10x_rcc.o(.text)
    RCC_GetSYSCLKSource                      0x08000d65   Thumb Code    10  stm32f10x_rcc.o(.text)
    RCC_HCLKConfig                           0x08000d6f   Thumb Code    18  stm32f10x_rcc.o(.text)
    RCC_PCLK1Config                          0x08000d81   Thumb Code    18  stm32f10x_rcc.o(.text)
    RCC_PCLK2Config                          0x08000d93   Thumb Code    20  stm32f10x_rcc.o(.text)
    RCC_ITConfig                             0x08000da7   Thumb Code    26  stm32f10x_rcc.o(.text)
    RCC_USBCLKConfig                         0x08000dc1   Thumb Code     8  stm32f10x_rcc.o(.text)
    RCC_ADCCLKConfig                         0x08000dc9   Thumb Code    18  stm32f10x_rcc.o(.text)
    RCC_LSEConfig                            0x08000ddb   Thumb Code    50  stm32f10x_rcc.o(.text)
    RCC_LSICmd                               0x08000e0d   Thumb Code     6  stm32f10x_rcc.o(.text)
    RCC_RTCCLKConfig                         0x08000e13   Thumb Code    12  stm32f10x_rcc.o(.text)
    RCC_RTCCLKCmd                            0x08000e1f   Thumb Code     8  stm32f10x_rcc.o(.text)
    RCC_GetClocksFreq                        0x08000e27   Thumb Code   192  stm32f10x_rcc.o(.text)
    RCC_AHBPeriphClockCmd                    0x08000ee7   Thumb Code    26  stm32f10x_rcc.o(.text)
    RCC_APB2PeriphClockCmd                   0x08000f01   Thumb Code    26  stm32f10x_rcc.o(.text)
    RCC_APB1PeriphClockCmd                   0x08000f1b   Thumb Code    26  stm32f10x_rcc.o(.text)
    RCC_APB2PeriphResetCmd                   0x08000f35   Thumb Code    26  stm32f10x_rcc.o(.text)
    RCC_APB1PeriphResetCmd                   0x08000f4f   Thumb Code    26  stm32f10x_rcc.o(.text)
    RCC_BackupResetCmd                       0x08000f69   Thumb Code     8  stm32f10x_rcc.o(.text)
    RCC_ClockSecuritySystemCmd               0x08000f71   Thumb Code     6  stm32f10x_rcc.o(.text)
    RCC_MCOConfig                            0x08000f77   Thumb Code     6  stm32f10x_rcc.o(.text)
    RCC_ClearFlag                            0x08000f7d   Thumb Code    14  stm32f10x_rcc.o(.text)
    RCC_GetITStatus                          0x08000f8b   Thumb Code    20  stm32f10x_rcc.o(.text)
    RCC_ClearITPendingBit                    0x08000f9f   Thumb Code     6  stm32f10x_rcc.o(.text)
    TIM_DeInit                               0x08000fc9   Thumb Code   424  stm32f10x_tim.o(.text)
    TIM_TimeBaseInit                         0x08001171   Thumb Code   122  stm32f10x_tim.o(.text)
    TIM_OC1Init                              0x080011eb   Thumb Code   132  stm32f10x_tim.o(.text)
    TIM_OC2Init                              0x0800126f   Thumb Code   154  stm32f10x_tim.o(.text)
    TIM_OC3Init                              0x08001309   Thumb Code   150  stm32f10x_tim.o(.text)
    TIM_OC4Init                              0x0800139f   Thumb Code   182  stm32f10x_tim.o(.text)
    TIM_SetIC4Prescaler                      0x08001455   Thumb Code    26  stm32f10x_tim.o(.text)
    TIM_SetIC3Prescaler                      0x080014f1   Thumb Code    18  stm32f10x_tim.o(.text)
    TIM_SetIC2Prescaler                      0x0800157d   Thumb Code    26  stm32f10x_tim.o(.text)
    TIM_SetIC1Prescaler                      0x08001619   Thumb Code    18  stm32f10x_tim.o(.text)
    TIM_ICInit                               0x08001697   Thumb Code   150  stm32f10x_tim.o(.text)
    TIM_PWMIConfig                           0x0800172d   Thumb Code   124  stm32f10x_tim.o(.text)
    TIM_BDTRConfig                           0x080017a9   Thumb Code    32  stm32f10x_tim.o(.text)
    TIM_TimeBaseStructInit                   0x080017c9   Thumb Code    18  stm32f10x_tim.o(.text)
    TIM_OCStructInit                         0x080017db   Thumb Code    20  stm32f10x_tim.o(.text)
    TIM_ICStructInit                         0x080017ef   Thumb Code    18  stm32f10x_tim.o(.text)
    TIM_BDTRStructInit                       0x08001801   Thumb Code    40  stm32f10x_tim.o(.text)
    TIM_Cmd                                  0x08001829   Thumb Code    24  stm32f10x_tim.o(.text)
    TIM_CtrlPWMOutputs                       0x08001841   Thumb Code    30  stm32f10x_tim.o(.text)
    TIM_ITConfig                             0x0800185f   Thumb Code    18  stm32f10x_tim.o(.text)
    TIM_GenerateEvent                        0x08001871   Thumb Code     4  stm32f10x_tim.o(.text)
    TIM_DMAConfig                            0x08001875   Thumb Code    10  stm32f10x_tim.o(.text)
    TIM_DMACmd                               0x0800187f   Thumb Code    18  stm32f10x_tim.o(.text)
    TIM_InternalClockConfig                  0x08001891   Thumb Code    12  stm32f10x_tim.o(.text)
    TIM_SelectInputTrigger                   0x0800189d   Thumb Code    18  stm32f10x_tim.o(.text)
    TIM_ITRxExternalClockConfig              0x080018af   Thumb Code    24  stm32f10x_tim.o(.text)
    TIM_TIxExternalClockConfig               0x080018c7   Thumb Code    62  stm32f10x_tim.o(.text)
    TIM_ETRConfig                            0x08001905   Thumb Code    28  stm32f10x_tim.o(.text)
    TIM_ETRClockMode1Config                  0x08001921   Thumb Code    54  stm32f10x_tim.o(.text)
    TIM_ETRClockMode2Config                  0x08001957   Thumb Code    32  stm32f10x_tim.o(.text)
    TIM_PrescalerConfig                      0x08001977   Thumb Code     6  stm32f10x_tim.o(.text)
    TIM_CounterModeConfig                    0x0800197d   Thumb Code    18  stm32f10x_tim.o(.text)
    TIM_EncoderInterfaceConfig               0x0800198f   Thumb Code    66  stm32f10x_tim.o(.text)
    TIM_ForcedOC1Config                      0x080019d1   Thumb Code    18  stm32f10x_tim.o(.text)
    TIM_ForcedOC2Config                      0x080019e3   Thumb Code    26  stm32f10x_tim.o(.text)
    TIM_ForcedOC3Config                      0x080019fd   Thumb Code    18  stm32f10x_tim.o(.text)
    TIM_ForcedOC4Config                      0x08001a0f   Thumb Code    26  stm32f10x_tim.o(.text)
    TIM_ARRPreloadConfig                     0x08001a29   Thumb Code    24  stm32f10x_tim.o(.text)
    TIM_SelectCOM                            0x08001a41   Thumb Code    24  stm32f10x_tim.o(.text)
    TIM_SelectCCDMA                          0x08001a59   Thumb Code    24  stm32f10x_tim.o(.text)
    TIM_CCPreloadControl                     0x08001a71   Thumb Code    24  stm32f10x_tim.o(.text)
    TIM_OC1PreloadConfig                     0x08001a89   Thumb Code    18  stm32f10x_tim.o(.text)
    TIM_OC2PreloadConfig                     0x08001a9b   Thumb Code    26  stm32f10x_tim.o(.text)
    TIM_OC3PreloadConfig                     0x08001ab5   Thumb Code    18  stm32f10x_tim.o(.text)
    TIM_OC4PreloadConfig                     0x08001ac7   Thumb Code    26  stm32f10x_tim.o(.text)
    TIM_OC1FastConfig                        0x08001ae1   Thumb Code    18  stm32f10x_tim.o(.text)
    TIM_OC2FastConfig                        0x08001af3   Thumb Code    26  stm32f10x_tim.o(.text)
    TIM_OC3FastConfig                        0x08001b0d   Thumb Code    18  stm32f10x_tim.o(.text)
    TIM_OC4FastConfig                        0x08001b1f   Thumb Code    26  stm32f10x_tim.o(.text)
    TIM_ClearOC1Ref                          0x08001b39   Thumb Code    18  stm32f10x_tim.o(.text)
    TIM_ClearOC2Ref                          0x08001b4b   Thumb Code    24  stm32f10x_tim.o(.text)
    TIM_ClearOC3Ref                          0x08001b63   Thumb Code    18  stm32f10x_tim.o(.text)
    TIM_ClearOC4Ref                          0x08001b75   Thumb Code    24  stm32f10x_tim.o(.text)
    TIM_OC1PolarityConfig                    0x08001b8d   Thumb Code    18  stm32f10x_tim.o(.text)
    TIM_OC1NPolarityConfig                   0x08001b9f   Thumb Code    18  stm32f10x_tim.o(.text)
    TIM_OC2PolarityConfig                    0x08001bb1   Thumb Code    26  stm32f10x_tim.o(.text)
    TIM_OC2NPolarityConfig                   0x08001bcb   Thumb Code    26  stm32f10x_tim.o(.text)
    TIM_OC3PolarityConfig                    0x08001be5   Thumb Code    26  stm32f10x_tim.o(.text)
    TIM_OC3NPolarityConfig                   0x08001bff   Thumb Code    26  stm32f10x_tim.o(.text)
    TIM_OC4PolarityConfig                    0x08001c19   Thumb Code    26  stm32f10x_tim.o(.text)
    TIM_CCxCmd                               0x08001c33   Thumb Code    30  stm32f10x_tim.o(.text)
    TIM_CCxNCmd                              0x08001c51   Thumb Code    30  stm32f10x_tim.o(.text)
    TIM_SelectOCxM                           0x08001c6f   Thumb Code    82  stm32f10x_tim.o(.text)
    TIM_UpdateDisableConfig                  0x08001cc1   Thumb Code    24  stm32f10x_tim.o(.text)
    TIM_UpdateRequestConfig                  0x08001cd9   Thumb Code    24  stm32f10x_tim.o(.text)
    TIM_SelectHallSensor                     0x08001cf1   Thumb Code    24  stm32f10x_tim.o(.text)
    TIM_SelectOnePulseMode                   0x08001d09   Thumb Code    18  stm32f10x_tim.o(.text)
    TIM_SelectOutputTrigger                  0x08001d1b   Thumb Code    18  stm32f10x_tim.o(.text)
    TIM_SelectSlaveMode                      0x08001d2d   Thumb Code    18  stm32f10x_tim.o(.text)
    TIM_SelectMasterSlaveMode                0x08001d3f   Thumb Code    18  stm32f10x_tim.o(.text)
    TIM_SetCounter                           0x08001d51   Thumb Code     4  stm32f10x_tim.o(.text)
    TIM_SetAutoreload                        0x08001d55   Thumb Code     4  stm32f10x_tim.o(.text)
    TIM_SetCompare1                          0x08001d59   Thumb Code     4  stm32f10x_tim.o(.text)
    TIM_SetCompare2                          0x08001d5d   Thumb Code     4  stm32f10x_tim.o(.text)
    TIM_SetCompare3                          0x08001d61   Thumb Code     4  stm32f10x_tim.o(.text)
    TIM_SetCompare4                          0x08001d65   Thumb Code     6  stm32f10x_tim.o(.text)
    TIM_SetClockDivision                     0x08001d6b   Thumb Code    18  stm32f10x_tim.o(.text)
    TIM_GetCapture1                          0x08001d7d   Thumb Code     6  stm32f10x_tim.o(.text)
    TIM_GetCapture2                          0x08001d83   Thumb Code     6  stm32f10x_tim.o(.text)
    TIM_GetCapture3                          0x08001d89   Thumb Code     6  stm32f10x_tim.o(.text)
    TIM_GetCapture4                          0x08001d8f   Thumb Code     8  stm32f10x_tim.o(.text)
    TIM_GetCounter                           0x08001d97   Thumb Code     6  stm32f10x_tim.o(.text)
    TIM_GetPrescaler                         0x08001d9d   Thumb Code     6  stm32f10x_tim.o(.text)
    TIM_GetFlagStatus                        0x08001da3   Thumb Code    18  stm32f10x_tim.o(.text)
    TIM_ClearFlag                            0x08001db5   Thumb Code     6  stm32f10x_tim.o(.text)
    TIM_GetITStatus                          0x08001dbb   Thumb Code    34  stm32f10x_tim.o(.text)
    TIM_ClearITPendingBit                    0x08001ddd   Thumb Code     6  stm32f10x_tim.o(.text)
    USART_DeInit                             0x08001de5   Thumb Code   134  stm32f10x_usart.o(.text)
    USART_Init                               0x08001e6b   Thumb Code   210  stm32f10x_usart.o(.text)
    USART_StructInit                         0x08001f3d   Thumb Code    24  stm32f10x_usart.o(.text)
    USART_ClockInit                          0x08001f55   Thumb Code    34  stm32f10x_usart.o(.text)
    USART_ClockStructInit                    0x08001f77   Thumb Code    12  stm32f10x_usart.o(.text)
    USART_Cmd                                0x08001f83   Thumb Code    24  stm32f10x_usart.o(.text)
    USART_ITConfig                           0x08001f9b   Thumb Code    74  stm32f10x_usart.o(.text)
    USART_DMACmd                             0x08001fe5   Thumb Code    18  stm32f10x_usart.o(.text)
    USART_SetAddress                         0x08001ff7   Thumb Code    18  stm32f10x_usart.o(.text)
    USART_WakeUpConfig                       0x08002009   Thumb Code    18  stm32f10x_usart.o(.text)
    USART_ReceiverWakeUpCmd                  0x0800201b   Thumb Code    24  stm32f10x_usart.o(.text)
    USART_LINBreakDetectLengthConfig         0x08002033   Thumb Code    18  stm32f10x_usart.o(.text)
    USART_LINCmd                             0x08002045   Thumb Code    24  stm32f10x_usart.o(.text)
    USART_SendData                           0x0800205d   Thumb Code     8  stm32f10x_usart.o(.text)
    USART_ReceiveData                        0x08002065   Thumb Code    10  stm32f10x_usart.o(.text)
    USART_SendBreak                          0x0800206f   Thumb Code    10  stm32f10x_usart.o(.text)
    USART_SetGuardTime                       0x08002079   Thumb Code    16  stm32f10x_usart.o(.text)
    USART_SetPrescaler                       0x08002089   Thumb Code    16  stm32f10x_usart.o(.text)
    USART_SmartCardCmd                       0x08002099   Thumb Code    24  stm32f10x_usart.o(.text)
    USART_SmartCardNACKCmd                   0x080020b1   Thumb Code    24  stm32f10x_usart.o(.text)
    USART_HalfDuplexCmd                      0x080020c9   Thumb Code    24  stm32f10x_usart.o(.text)
    USART_OverSampling8Cmd                   0x080020e1   Thumb Code    22  stm32f10x_usart.o(.text)
    USART_OneBitMethodCmd                    0x080020f7   Thumb Code    24  stm32f10x_usart.o(.text)
    USART_IrDAConfig                         0x0800210f   Thumb Code    18  stm32f10x_usart.o(.text)
    USART_IrDACmd                            0x08002121   Thumb Code    24  stm32f10x_usart.o(.text)
    USART_GetFlagStatus                      0x08002139   Thumb Code    26  stm32f10x_usart.o(.text)
    USART_ClearFlag                          0x08002153   Thumb Code    18  stm32f10x_usart.o(.text)
    USART_GetITStatus                        0x08002165   Thumb Code    84  stm32f10x_usart.o(.text)
    USART_ClearITPendingBit                  0x080021b9   Thumb Code    52  stm32f10x_usart.o(.text)
    task3_task                               0x080021ed   Thumb Code    66  main.o(.text)
    task2_task                               0x0800222f   Thumb Code   162  main.o(.text)
    task1_task                               0x080022d1   Thumb Code    38  main.o(.text)
    start_task                               0x080022f7   Thumb Code    88  main.o(.text)
    main                                     0x0800234f   Thumb Code    76  main.o(.text)
    NMI_Handler                              0x08002411   Thumb Code     2  stm32f10x_it.o(.text)
    HardFault_Handler                        0x08002413   Thumb Code     4  stm32f10x_it.o(.text)
    MemManage_Handler                        0x08002417   Thumb Code     4  stm32f10x_it.o(.text)
    BusFault_Handler                         0x0800241b   Thumb Code     4  stm32f10x_it.o(.text)
    UsageFault_Handler                       0x0800241f   Thumb Code     4  stm32f10x_it.o(.text)
    DebugMon_Handler                         0x08002423   Thumb Code     2  stm32f10x_it.o(.text)
    ADCx_Init                                0x08002549   Thumb Code    16  bsp_adc.o(.text)
    ADC1_2_IRQHandler                        0x08002559   Thumb Code    72  bsp_adc.o(.text)
    USART_Config                             0x080025db   Thumb Code   136  bsp_usart.o(.text)
    Usart_SendByte                           0x08002663   Thumb Code    30  bsp_usart.o(.text)
    Usart_SendArray                          0x08002681   Thumb Code    48  bsp_usart.o(.text)
    Usart_SendString                         0x080026b1   Thumb Code    42  bsp_usart.o(.text)
    Usart_SendHalfWord                       0x080026db   Thumb Code    60  bsp_usart.o(.text)
    fputc                                    0x08002717   Thumb Code    32  bsp_usart.o(.text)
    fgetc                                    0x08002737   Thumb Code    26  bsp_usart.o(.text)
    TIM_PWM_Init                             0x08002759   Thumb Code   348  pwm.o(.text)
    Delay_us                                 0x080028c1   Thumb Code    46  delay.o(.text)
    delay_us                                 0x080028ef   Thumb Code    68  delay.o(.text)
    Delay_ms                                 0x08002933   Thumb Code    26  delay.o(.text)
    delay_ms                                 0x0800294d   Thumb Code    60  delay.o(.text)
    Delay_s                                  0x08002989   Thumb Code    26  delay.o(.text)
    SysTick_Handler                          0x080029a3   Thumb Code    16  delay.o(.text)
    delay_init                               0x080029b3   Thumb Code    74  delay.o(.text)
    delay_xms                                0x080029fd   Thumb Code    24  delay.o(.text)
    _sys_exit                                0x08002a25   Thumb Code     6  usart.o(.text)
    USART1_printf                            0x08002a2b   Thumb Code    82  usart.o(.text)
    USART1_Init                              0x08002a7d   Thumb Code   150  usart.o(.text)
    USART1_IRQHandler                        0x08002b13   Thumb Code    34  usart.o(.text)
    Time_Cap_Init                            0x08002b3d   Thumb Code   186  capture.o(.text)
    TIM2_IRQHandler                          0x08002bf7   Thumb Code   202  capture.o(.text)
    UpdateCapture                            0x08002cc1   Thumb Code    38  capture.o(.text)
    vListInitialise                          0x08002cf5   Thumb Code    26  list.o(.text)
    vListInitialiseItem                      0x08002d0f   Thumb Code     6  list.o(.text)
    vListInsertEnd                           0x08002d15   Thumb Code    24  list.o(.text)
    vListInsert                              0x08002d2d   Thumb Code    52  list.o(.text)
    uxListRemove                             0x08002d61   Thumb Code    40  list.o(.text)
    xQueueGenericReset                       0x08002d89   Thumb Code   136  queue.o(.text)
    xQueueGenericCreate                      0x08002e3f   Thumb Code    78  queue.o(.text)
    xQueueGenericSend                        0x08003035   Thumb Code   464  queue.o(.text)
    xQueueCreateMutex                        0x08003221   Thumb Code    34  queue.o(.text)
    xQueueGiveMutexRecursive                 0x08003243   Thumb Code    66  queue.o(.text)
    xQueueGenericReceive                     0x080032c9   Thumb Code   428  queue.o(.text)
    xQueueTakeMutexRecursive                 0x08003475   Thumb Code    76  queue.o(.text)
    xQueueCreateCountingSemaphore            0x080034c1   Thumb Code    80  queue.o(.text)
    xQueueGenericSendFromISR                 0x08003511   Thumb Code   252  queue.o(.text)
    xQueueGiveFromISR                        0x0800360d   Thumb Code   228  queue.o(.text)
    xQueueReceiveFromISR                     0x080036f1   Thumb Code   190  queue.o(.text)
    xQueuePeekFromISR                        0x080037af   Thumb Code   158  queue.o(.text)
    uxQueueMessagesWaiting                   0x0800384d   Thumb Code    36  queue.o(.text)
    uxQueueSpacesAvailable                   0x08003871   Thumb Code    42  queue.o(.text)
    uxQueueMessagesWaitingFromISR            0x0800389b   Thumb Code    28  queue.o(.text)
    vQueueUnregisterQueue                    0x080038b7   Thumb Code    44  queue.o(.text)
    vQueueDelete                             0x080038e3   Thumb Code    38  queue.o(.text)
    uxQueueGetQueueNumber                    0x08003909   Thumb Code     6  queue.o(.text)
    vQueueSetQueueNumber                     0x0800390f   Thumb Code     4  queue.o(.text)
    ucQueueGetQueueType                      0x08003913   Thumb Code     8  queue.o(.text)
    xQueueIsQueueEmptyFromISR                0x0800391b   Thumb Code    36  queue.o(.text)
    xQueueIsQueueFullFromISR                 0x0800393f   Thumb Code    40  queue.o(.text)
    vQueueAddToRegistry                      0x08003967   Thumb Code    38  queue.o(.text)
    pcQueueGetName                           0x0800398d   Thumb Code    38  queue.o(.text)
    vQueueWaitForMessageRestricted           0x080039b3   Thumb Code    74  queue.o(.text)
    xQueueCreateSet                          0x080039fd   Thumb Code    20  queue.o(.text)
    xQueueAddToSet                           0x08003a11   Thumb Code    38  queue.o(.text)
    xQueueRemoveFromSet                      0x08003a37   Thumb Code    48  queue.o(.text)
    xQueueSelectFromSet                      0x08003a67   Thumb Code    26  queue.o(.text)
    xQueueSelectFromSetFromISR               0x08003a81   Thumb Code    22  queue.o(.text)
    xTaskCreate                              0x08003c29   Thumb Code    96  tasks.o(.text)
    vTaskDelete                              0x08003cc5   Thumb Code   192  tasks.o(.text)
    xTaskIncrementTick                       0x08003d85   Thumb Code   400  tasks.o(.text)
    xTaskResumeAll                           0x08003f15   Thumb Code   218  tasks.o(.text)
    vTaskSuspendAll                          0x0800406b   Thumb Code    12  tasks.o(.text)
    vTaskDelayUntil                          0x08004077   Thumb Code   182  tasks.o(.text)
    vTaskDelay                               0x0800412d   Thumb Code    76  tasks.o(.text)
    eTaskGetState                            0x08004179   Thumb Code   106  tasks.o(.text)
    uxTaskPriorityGet                        0x080041e3   Thumb Code    30  tasks.o(.text)
    uxTaskPriorityGetFromISR                 0x08004201   Thumb Code    62  tasks.o(.text)
    vTaskPrioritySet                         0x0800423f   Thumb Code   320  tasks.o(.text)
    vTaskSwitchContext                       0x0800437f   Thumb Code   114  tasks.o(.text)
    vTaskSuspend                             0x080043f1   Thumb Code   190  tasks.o(.text)
    vTaskResume                              0x080044fb   Thumb Code   122  tasks.o(.text)
    xTaskResumeFromISR                       0x08004575   Thumb Code   152  tasks.o(.text)
    vTaskStartScheduler                      0x08004683   Thumb Code   112  tasks.o(.text)
    vTaskEndScheduler                        0x080046f3   Thumb Code    32  tasks.o(.text)
    xTaskGetTickCount                        0x08004713   Thumb Code     6  tasks.o(.text)
    xTaskGetTickCountFromISR                 0x08004719   Thumb Code    16  tasks.o(.text)
    uxTaskGetNumberOfTasks                   0x08004729   Thumb Code     6  tasks.o(.text)
    pcTaskGetName                            0x0800472f   Thumb Code   114  tasks.o(.text)
    vTaskGetInfo                             0x080047b7   Thumb Code   114  tasks.o(.text)
    uxTaskGetSystemState                     0x08004893   Thumb Code   152  tasks.o(.text)
    vTaskPlaceOnEventList                    0x0800492b   Thumb Code    46  tasks.o(.text)
    vTaskPlaceOnUnorderedEventList           0x08004959   Thumb Code    88  tasks.o(.text)
    vTaskPlaceOnEventListRestricted          0x080049b1   Thumb Code    54  tasks.o(.text)
    xTaskRemoveFromEventList                 0x080049e7   Thumb Code   122  tasks.o(.text)
    xTaskRemoveFromUnorderedEventList        0x08004a61   Thumb Code   142  tasks.o(.text)
    vTaskSetTimeOutState                     0x08004aef   Thumb Code    36  tasks.o(.text)
    xTaskCheckForTimeOut                     0x08004b13   Thumb Code   124  tasks.o(.text)
    vTaskMissedYield                         0x08004b8f   Thumb Code     8  tasks.o(.text)
    uxTaskGetTaskNumber                      0x08004b97   Thumb Code    66  tasks.o(.text)
    vTaskSetTaskNumber                       0x08004bd9   Thumb Code     8  tasks.o(.text)
    xTaskGetCurrentTaskHandle                0x08004be1   Thumb Code     6  tasks.o(.text)
    xTaskGetSchedulerState                   0x08004be7   Thumb Code    24  tasks.o(.text)
    vTaskPriorityInherit                     0x08004bff   Thumb Code   164  tasks.o(.text)
    xTaskPriorityDisinherit                  0x08004ca3   Thumb Code   176  tasks.o(.text)
    vTaskList                                0x08004d7d   Thumb Code   204  tasks.o(.text)
    uxTaskResetEventItemValue                0x08004e49   Thumb Code    24  tasks.o(.text)
    pvTaskIncrementMutexHeldCount            0x08004e61   Thumb Code    26  tasks.o(.text)
    ulTaskNotifyTake                         0x08004e7b   Thumb Code   108  tasks.o(.text)
    xTaskNotifyWait                          0x08004ee7   Thumb Code   150  tasks.o(.text)
    xTaskGenericNotify                       0x08004f7d   Thumb Code   276  tasks.o(.text)
    xTaskGenericNotifyFromISR                0x08005091   Thumb Code   282  tasks.o(.text)
    vTaskNotifyGiveFromISR                   0x080051ab   Thumb Code   200  tasks.o(.text)
    xTaskNotifyStateClear                    0x08005273   Thumb Code    48  tasks.o(.text)
    xTimerGenericCommand                     0x08005315   Thumb Code   118  timers.o(.text)
    xTimerCreateTimerTask                    0x0800567d   Thumb Code    56  timers.o(.text)
    xTimerCreate                             0x08005763   Thumb Code    48  timers.o(.text)
    xTimerGetTimerDaemonTaskHandle           0x08005793   Thumb Code    38  timers.o(.text)
    xTimerGetPeriod                          0x080057b9   Thumb Code    28  timers.o(.text)
    xTimerGetExpiryTime                      0x080057d5   Thumb Code    30  timers.o(.text)
    pcTimerGetName                           0x080057f3   Thumb Code    28  timers.o(.text)
    xTimerIsTimerActive                      0x0800580f   Thumb Code    50  timers.o(.text)
    pvTimerGetTimerID                        0x08005841   Thumb Code    38  timers.o(.text)
    vTimerSetTimerID                         0x08005867   Thumb Code    38  timers.o(.text)
    xTimerPendFunctionCallFromISR            0x0800588d   Thumb Code    48  timers.o(.text)
    xTimerPendFunctionCall                   0x080058bd   Thumb Code    70  timers.o(.text)
    pxPortInitialiseStack                    0x0800593d   Thumb Code    30  port.o(.text)
    vPortSetupTimerInterrupt                 0x0800595b   Thumb Code    26  port.o(.text)
    xPortStartScheduler                      0x08005975   Thumb Code   140  port.o(.text)
    vPortEndScheduler                        0x08005a01   Thumb Code    34  port.o(.text)
    vPortEnterCritical                       0x08005a23   Thumb Code    70  port.o(.text)
    vPortExitCritical                        0x08005a69   Thumb Code    48  port.o(.text)
    xPortSysTickHandler                      0x08005a99   Thumb Code    48  port.o(.text)
    vPortValidateInterruptPriority           0x08005ac9   Thumb Code    88  port.o(.text)
    pvPortMalloc                             0x08005c43   Thumb Code   262  heap_4.o(.text)
    vPortFree                                0x08005d49   Thumb Code   120  heap_4.o(.text)
    xPortGetFreeHeapSize                     0x08005dc1   Thumb Code     6  heap_4.o(.text)
    xPortGetMinimumEverFreeHeapSize          0x08005dc7   Thumb Code     6  heap_4.o(.text)
    vPortInitialiseBlocks                    0x08005dcd   Thumb Code     2  heap_4.o(.text)
    IIC_Start                                0x08005e29   Thumb Code    36  oled.o(.text)
    IIC_Stop                                 0x08005e4d   Thumb Code    28  oled.o(.text)
    IIC_Wait_Ack                             0x08005e69   Thumb Code    20  oled.o(.text)
    Write_IIC_Byte                           0x08005e7d   Thumb Code    80  oled.o(.text)
    Write_IIC_Command                        0x08005ecd   Thumb Code    44  oled.o(.text)
    Write_IIC_Data                           0x08005ef9   Thumb Code    44  oled.o(.text)
    OLED_WR_Byte                             0x08005f25   Thumb Code    24  oled.o(.text)
    fill_picture                             0x08005f3d   Thumb Code    64  oled.o(.text)
    OLED_Set_Pos                             0x08005f7d   Thumb Code    40  oled.o(.text)
    OLED_Display_On                          0x08005fa5   Thumb Code    28  oled.o(.text)
    OLED_Display_Off                         0x08005fc1   Thumb Code    28  oled.o(.text)
    OLED_Clear                               0x08005fdd   Thumb Code    62  oled.o(.text)
    OLED_On                                  0x0800601b   Thumb Code    62  oled.o(.text)
    OLED_ShowChar                            0x08006059   Thumb Code   154  oled.o(.text)
    oled_pow                                 0x080060f3   Thumb Code    22  oled.o(.text)
    OLED_ShowNum                             0x08006109   Thumb Code   136  oled.o(.text)
    OLED_ShowString                          0x08006191   Thumb Code    58  oled.o(.text)
    OLED_ShowCHinese                         0x080061cb   Thumb Code   116  oled.o(.text)
    OLED_DrawBMP                             0x0800623f   Thumb Code   118  oled.o(.text)
    OLED_Init                                0x080062b5   Thumb Code   270  oled.o(.text)
    __aeabi_memcpy                           0x080063cd   Thumb Code    36  memcpya.o(.text)
    __aeabi_memcpy4                          0x080063cd   Thumb Code     0  memcpya.o(.text)
    __aeabi_memcpy8                          0x080063cd   Thumb Code     0  memcpya.o(.text)
    __aeabi_memset                           0x080063f1   Thumb Code    14  memseta.o(.text)
    __aeabi_memset4                          0x080063f1   Thumb Code     0  memseta.o(.text)
    __aeabi_memset8                          0x080063f1   Thumb Code     0  memseta.o(.text)
    __aeabi_memclr                           0x080063ff   Thumb Code     4  memseta.o(.text)
    __aeabi_memclr4                          0x080063ff   Thumb Code     0  memseta.o(.text)
    __aeabi_memclr8                          0x080063ff   Thumb Code     0  memseta.o(.text)
    _memset$wrapper                          0x08006403   Thumb Code    18  memseta.o(.text)
    strlen                                   0x08006415   Thumb Code    14  strlen.o(.text)
    strcpy                                   0x08006423   Thumb Code    18  strcpy.o(.text)
    __aeabi_uidiv                            0x08006435   Thumb Code     0  uidiv.o(.text)
    __aeabi_uidivmod                         0x08006435   Thumb Code    44  uidiv.o(.text)
    __aeabi_uldivmod                         0x08006461   Thumb Code    98  uldiv.o(.text)
    __I$use$fp                               0x080064c3   Thumb Code     0  iusefp.o(.text)
    __aeabi_dadd                             0x080064c3   Thumb Code   322  dadd.o(.text)
    __aeabi_dsub                             0x08006605   Thumb Code     6  dadd.o(.text)
    __aeabi_drsub                            0x0800660b   Thumb Code     6  dadd.o(.text)
    __aeabi_dmul                             0x08006611   Thumb Code   228  dmul.o(.text)
    __aeabi_ddiv                             0x080066f5   Thumb Code   222  ddiv.o(.text)
    __aeabi_d2ulz                            0x080067d3   Thumb Code    48  dfixul.o(.text)
    __aeabi_cdrcmple                         0x08006805   Thumb Code    48  cdrcmple.o(.text)
    __scatterload                            0x08006835   Thumb Code    28  init.o(.text)
    __scatterload_rt2                        0x08006835   Thumb Code     0  init.o(.text)
    __aeabi_llsl                             0x08006859   Thumb Code    30  llshl.o(.text)
    _ll_shift_l                              0x08006859   Thumb Code     0  llshl.o(.text)
    __aeabi_llsr                             0x08006877   Thumb Code    32  llushr.o(.text)
    _ll_ushift_r                             0x08006877   Thumb Code     0  llushr.o(.text)
    __aeabi_lasr                             0x08006897   Thumb Code    36  llsshr.o(.text)
    _ll_sshift_r                             0x08006897   Thumb Code     0  llsshr.o(.text)
    _double_round                            0x080068bb   Thumb Code    30  depilogue.o(.text)
    _double_epilogue                         0x080068d9   Thumb Code   156  depilogue.o(.text)
    __decompress                             0x08006975   Thumb Code     0  __dczerorl2.o(.text)
    __decompress1                            0x08006975   Thumb Code    86  __dczerorl2.o(.text)
    __0printf$3                              0x080069cd   Thumb Code    22  printf3.o(i.__0printf$3)
    __1printf$3                              0x080069cd   Thumb Code     0  printf3.o(i.__0printf$3)
    __2printf                                0x080069cd   Thumb Code     0  printf3.o(i.__0printf$3)
    __0sprintf$3                             0x080069ed   Thumb Code    34  printf3.o(i.__0sprintf$3)
    __1sprintf$3                             0x080069ed   Thumb Code     0  printf3.o(i.__0sprintf$3)
    __2sprintf                               0x080069ed   Thumb Code     0  printf3.o(i.__0sprintf$3)
    __0vsnprintf                             0x08006a15   Thumb Code    32  printfa.o(i.__0vsnprintf)
    __1vsnprintf                             0x08006a15   Thumb Code     0  printfa.o(i.__0vsnprintf)
    __2vsnprintf                             0x08006a15   Thumb Code     0  printfa.o(i.__0vsnprintf)
    __c89vsnprintf                           0x08006a15   Thumb Code     0  printfa.o(i.__0vsnprintf)
    vsnprintf                                0x08006a15   Thumb Code     0  printfa.o(i.__0vsnprintf)
    __scatterload_copy                       0x08006a39   Thumb Code    14  handlers.o(i.__scatterload_copy)
    __scatterload_null                       0x08006a47   Thumb Code     2  handlers.o(i.__scatterload_null)
    __scatterload_zeroinit                   0x08006a49   Thumb Code    14  handlers.o(i.__scatterload_zeroinit)
    F6x8                                     0x080074c2   Data         552  oled.o(.constdata)
    F8X16                                    0x080076ea   Data        1520  oled.o(.constdata)
    Region$$Table$$Base                      0x08007cdc   Number         0  anon$$obj.o(Region$$Table)
    Region$$Table$$Limit                     0x08007cfc   Number         0  anon$$obj.o(Region$$Table)
    SystemCoreClock                          0x20000000   Data           4  system_stm32f10x.o(.data)
    AHBPrescTable                            0x20000004   Data          16  system_stm32f10x.o(.data)
    BMP1                                     0x20000028   Data        1024  main.o(.data)
    NWPUAMT                                  0x20000428   Data        1024  main.o(.data)
    ADC_ConvertedValue                       0x20000828   Data           2  main.o(.data)
    ADC_ConvertedValueLocal                  0x2000082c   Data           4  main.o(.data)
    PWM_Value_1                              0x20000830   Data           2  main.o(.data)
    PWM_Value_2                              0x20000832   Data           2  main.o(.data)
    CaptureValue                             0x20000834   Data           4  main.o(.data)
    count                                    0x20000838   Data           1  main.o(.data)
    str                                      0x20000839   Data           6  main.o(.data)
    StartTask_Handle                         0x20000840   Data           4  main.o(.data)
    Task1Task_Handle                         0x20000844   Data           4  main.o(.data)
    Task2Task_Handle                         0x20000848   Data           4  main.o(.data)
    Task3Task_Handle                         0x2000084c   Data           4  main.o(.data)
    ADC_ConvertedValue1                      0x20000850   Data           2  bsp_adc.o(.data)
    ADC_ConvertedValue2                      0x20000852   Data           2  bsp_adc.o(.data)
    __stdout                                 0x20000858   Data           4  usart.o(.data)
    USART1_RX_STA                            0x2000085c   Data           2  usart.o(.data)
    time_capture_sta                         0x2000085e   Data           1  capture.o(.data)
    time_capture_val                         0x20000860   Data           2  capture.o(.data)
    pxCurrentTCB                             0x20000864   Data           4  tasks.o(.data)
    Hzk                                      0x200008d8   Data        1216  oled.o(.data)
    xQueueRegistry                           0x20000d98   Data          64  queue.o(.bss)
    __initial_sp                             0x20003ce8   Data           0  startup_stm32f10x_md.o(STACK)



==============================================================================

Memory Map of the image

  Image Entry point : 0x080000ed

  Load Region LR_IROM1 (Base: 0x08000000, Size: 0x00008a94, Max: 0x00010000, ABSOLUTE, COMPRESSED[0x00008214])

    Execution Region ER_IROM1 (Base: 0x08000000, Size: 0x00007cfc, Max: 0x00010000, ABSOLUTE)

    Base Addr    Size         Type   Attr      Idx    E Section Name        Object

    0x08000000   0x000000ec   Data   RO            3    RESET               startup_stm32f10x_md.o
    0x080000ec   0x00000000   Code   RO          858  * .ARM.Collect$$$$00000000  mc_w.l(entry.o)
    0x080000ec   0x00000004   Code   RO         1138    .ARM.Collect$$$$00000001  mc_w.l(entry2.o)
    0x080000f0   0x00000004   Code   RO         1141    .ARM.Collect$$$$00000004  mc_w.l(entry5.o)
    0x080000f4   0x00000000   Code   RO         1143    .ARM.Collect$$$$00000008  mc_w.l(entry7b.o)
    0x080000f4   0x00000000   Code   RO         1145    .ARM.Collect$$$$0000000A  mc_w.l(entry8b.o)
    0x080000f4   0x00000008   Code   RO         1146    .ARM.Collect$$$$0000000B  mc_w.l(entry9a.o)
    0x080000fc   0x00000000   Code   RO         1148    .ARM.Collect$$$$0000000D  mc_w.l(entry10a.o)
    0x080000fc   0x00000000   Code   RO         1150    .ARM.Collect$$$$0000000F  mc_w.l(entry11a.o)
    0x080000fc   0x00000004   Code   RO         1139    .ARM.Collect$$$$00002712  mc_w.l(entry2.o)
    0x08000100   0x00000096   Code   RO          791    .emb_text           port.o
    0x08000196   0x00000002   PAD
    0x08000198   0x00000024   Code   RO            4    .text               startup_stm32f10x_md.o
    0x080001bc   0x000001e0   Code   RO           24    .text               system_stm32f10x.o
    0x0800039c   0x000000dc   Code   RO          121    .text               misc.o
    0x08000478   0x0000044e   Code   RO          137    .text               stm32f10x_adc.o
    0x080008c6   0x00000002   PAD
    0x080008c8   0x0000035c   Code   RO          269    .text               stm32f10x_gpio.o
    0x08000c24   0x000003a4   Code   RO          317    .text               stm32f10x_rcc.o
    0x08000fc8   0x00000e1a   Code   RO          367    .text               stm32f10x_tim.o
    0x08001de2   0x00000002   PAD
    0x08001de4   0x00000408   Code   RO          379    .text               stm32f10x_usart.o
    0x080021ec   0x00000224   Code   RO          403    .text               main.o
    0x08002410   0x00000014   Code   RO          487    .text               stm32f10x_it.o
    0x08002424   0x00000190   Code   RO          503    .text               bsp_adc.o
    0x080025b4   0x000001a4   Code   RO          518    .text               bsp_usart.o
    0x08002758   0x00000168   Code   RO          537    .text               pwm.o
    0x080028c0   0x00000164   Code   RO          564    .text               delay.o
    0x08002a24   0x00000118   Code   RO          594    .text               usart.o
    0x08002b3c   0x000001b8   Code   RO          637    .text               capture.o
    0x08002cf4   0x00000094   Code   RO          715    .text               list.o
    0x08002d88   0x00000d14   Code   RO          727    .text               queue.o
    0x08003a9c   0x00001828   Code   RO          745    .text               tasks.o
    0x080052c4   0x00000648   Code   RO          776    .text               timers.o
    0x0800590c   0x00000274   Code   RO          792    .text               port.o
    0x08005b80   0x000002a8   Code   RO          821    .text               heap_4.o
    0x08005e28   0x000005a4   Code   RO          836    .text               oled.o
    0x080063cc   0x00000024   Code   RO          861    .text               mc_w.l(memcpya.o)
    0x080063f0   0x00000024   Code   RO          863    .text               mc_w.l(memseta.o)
    0x08006414   0x0000000e   Code   RO          865    .text               mc_w.l(strlen.o)
    0x08006422   0x00000012   Code   RO          867    .text               mc_w.l(strcpy.o)
    0x08006434   0x0000002c   Code   RO         1152    .text               mc_w.l(uidiv.o)
    0x08006460   0x00000062   Code   RO         1154    .text               mc_w.l(uldiv.o)
    0x080064c2   0x00000000   Code   RO         1156    .text               mc_w.l(iusefp.o)
    0x080064c2   0x0000014e   Code   RO         1157    .text               mf_w.l(dadd.o)
    0x08006610   0x000000e4   Code   RO         1159    .text               mf_w.l(dmul.o)
    0x080066f4   0x000000de   Code   RO         1161    .text               mf_w.l(ddiv.o)
    0x080067d2   0x00000030   Code   RO         1163    .text               mf_w.l(dfixul.o)
    0x08006802   0x00000002   PAD
    0x08006804   0x00000030   Code   RO         1165    .text               mf_w.l(cdrcmple.o)
    0x08006834   0x00000024   Code   RO         1167    .text               mc_w.l(init.o)
    0x08006858   0x0000001e   Code   RO         1169    .text               mc_w.l(llshl.o)
    0x08006876   0x00000020   Code   RO         1171    .text               mc_w.l(llushr.o)
    0x08006896   0x00000024   Code   RO         1173    .text               mc_w.l(llsshr.o)
    0x080068ba   0x000000ba   Code   RO         1175    .text               mf_w.l(depilogue.o)
    0x08006974   0x00000056   Code   RO         1185    .text               mc_w.l(__dczerorl2.o)
    0x080069ca   0x00000002   PAD
    0x080069cc   0x00000020   Code   RO          960    i.__0printf$3       mc_w.l(printf3.o)
    0x080069ec   0x00000028   Code   RO          962    i.__0sprintf$3      mc_w.l(printf3.o)
    0x08006a14   0x00000024   Code   RO         1109    i.__0vsnprintf      mc_w.l(printfa.o)
    0x08006a38   0x0000000e   Code   RO         1179    i.__scatterload_copy  mc_w.l(handlers.o)
    0x08006a46   0x00000002   Code   RO         1180    i.__scatterload_null  mc_w.l(handlers.o)
    0x08006a48   0x0000000e   Code   RO         1181    i.__scatterload_zeroinit  mc_w.l(handlers.o)
    0x08006a56   0x00000002   PAD
    0x08006a58   0x00000164   Code   RO         1111    i._fp_digits        mc_w.l(printfa.o)
    0x08006bbc   0x000001b8   Code   RO          967    i._printf_core      mc_w.l(printf3.o)
    0x08006d74   0x000006dc   Code   RO         1112    i._printf_core      mc_w.l(printfa.o)
    0x08007450   0x00000024   Code   RO         1113    i._printf_post_padding  mc_w.l(printfa.o)
    0x08007474   0x0000002e   Code   RO         1114    i._printf_pre_padding  mc_w.l(printfa.o)
    0x080074a2   0x00000016   Code   RO         1115    i._snputc           mc_w.l(printfa.o)
    0x080074b8   0x0000000a   Code   RO          969    i._sputc            mc_w.l(printf3.o)
    0x080074c2   0x00000818   Data   RO          837    .constdata          oled.o
    0x08007cda   0x00000002   PAD
    0x08007cdc   0x00000020   Data   RO         1177    Region$$Table       anon$$obj.o


    Execution Region RW_IRAM1 (Base: 0x20000000, Size: 0x00003ce8, Max: 0x00005000, ABSOLUTE, COMPRESSED[0x00000518])

    Base Addr    Size         Type   Attr      Idx    E Section Name        Object

    0x20000000   0x00000014   Data   RW           25    .data               system_stm32f10x.o
    0x20000014   0x00000014   Data   RW          318    .data               stm32f10x_rcc.o
    0x20000028   0x00000828   Data   RW          404    .data               main.o
    0x20000850   0x00000004   Data   RW          504    .data               bsp_adc.o
    0x20000854   0x00000004   Data   RW          565    .data               delay.o
    0x20000858   0x00000006   Data   RW          596    .data               usart.o
    0x2000085e   0x00000004   Data   RW          638    .data               capture.o
    0x20000862   0x00000002   PAD
    0x20000864   0x0000003c   Data   RW          747    .data               tasks.o
    0x200008a0   0x00000014   Data   RW          778    .data               timers.o
    0x200008b4   0x0000000c   Data   RW          793    .data               port.o
    0x200008c0   0x00000018   Data   RW          823    .data               heap_4.o
    0x200008d8   0x000004c0   Data   RW          838    .data               oled.o
    0x20000d98   0x00000040   Zero   RW          728    .bss                queue.o
    0x20000dd8   0x000002e4   Zero   RW          746    .bss                tasks.o
    0x200010bc   0x00000028   Zero   RW          777    .bss                timers.o
    0x200010e4   0x00002800   Zero   RW          822    .bss                heap_4.o
    0x200038e4   0x00000004   PAD
    0x200038e8   0x00000400   Zero   RW            1    STACK               startup_stm32f10x_md.o


==============================================================================

Image component sizes


      Code (inc. data)   RO Data    RW Data    ZI Data      Debug   Object Name

       400         20          0          4          0       1776   bsp_adc.o
       420          8          0          0          0       3850   bsp_usart.o
       440         14          0          4          0       1754   capture.o
         0          0          0          0          0       4496   core_cm3.o
         0          0          0          0          0       7576   croutine.o
       356         16          0          4          0       2027   delay.o
         0          0          0          0          0      10432   event_groups.o
       680         90          0         24      10240       3364   heap_4.o
       148          0          0          0          0       1866   list.o
       548        118          0       2088          0      12170   main.o
       220         22          0          0          0       1809   misc.o
      1444         28       2072       1216          0       6438   oled.o
       778        108          0         12          0       7763   port.o
       360         12          0          0          0        791   pwm.o
      3348         60          0          0         64      18898   queue.o
        36          8        236          0       1024        860   startup_stm32f10x_md.o
      1102         26          0          0          0      11049   stm32f10x_adc.o
       860         38          0          0          0       5737   stm32f10x_gpio.o
        20          0          0          0          0        931   stm32f10x_it.o
       932         36          0         20          0       8916   stm32f10x_rcc.o
      3610         88          0          0          0      22852   stm32f10x_tim.o
      1032         22          0          0          0       8468   stm32f10x_usart.o
       480         38          0         20          0     257903   system_stm32f10x.o
      6184        410          0         60        740      32196   tasks.o
      1608        120          0         20         40       8932   timers.o
       280          8          0          6          0       3870   usart.o

    ----------------------------------------------------------------------
     25292       1290       2342       3480      12112     446724   Object Totals
         0          0         32          0          0          0   (incl. Generated)
         6          0          2          2          4          0   (incl. Padding)

    ----------------------------------------------------------------------

      Code (inc. data)   RO Data    RW Data    ZI Data      Debug   Library Member Name

        86          0          0          0          0          0   __dczerorl2.o
         0          0          0          0          0          0   entry.o
         0          0          0          0          0          0   entry10a.o
         0          0          0          0          0          0   entry11a.o
         8          4          0          0          0          0   entry2.o
         4          0          0          0          0          0   entry5.o
         0          0          0          0          0          0   entry7b.o
         0          0          0          0          0          0   entry8b.o
         8          4          0          0          0          0   entry9a.o
        30          0          0          0          0          0   handlers.o
        36          8          0          0          0         68   init.o
         0          0          0          0          0          0   iusefp.o
        30          0          0          0          0         68   llshl.o
        36          0          0          0          0         68   llsshr.o
        32          0          0          0          0         68   llushr.o
        36          0          0          0          0         68   memcpya.o
        36          0          0          0          0        108   memseta.o
       522         20          0          0          0        336   printf3.o
      2252         84          0          0          0        508   printfa.o
        18          0          0          0          0         68   strcpy.o
        14          0          0          0          0         68   strlen.o
        44          0          0          0          0         80   uidiv.o
        98          0          0          0          0         92   uldiv.o
        48          0          0          0          0         68   cdrcmple.o
       334          0          0          0          0        148   dadd.o
       222          0          0          0          0        100   ddiv.o
       186          0          0          0          0        176   depilogue.o
        48          0          0          0          0         68   dfixul.o
       228          0          0          0          0         96   dmul.o

    ----------------------------------------------------------------------
      4362        120          0          0          0       2256   Library Totals
         6          0          0          0          0          0   (incl. Padding)

    ----------------------------------------------------------------------

      Code (inc. data)   RO Data    RW Data    ZI Data      Debug   Library Name

      3290        120          0          0          0       1600   mc_w.l
      1066          0          0          0          0        656   mf_w.l

    ----------------------------------------------------------------------
      4362        120          0          0          0       2256   Library Totals

    ----------------------------------------------------------------------

==============================================================================


      Code (inc. data)   RO Data    RW Data    ZI Data      Debug   

     29654       1410       2342       3480      12112     445780   Grand Totals
     29654       1410       2342       1304      12112     445780   ELF Image Totals (compressed)
     29654       1410       2342       1304          0          0   ROM Totals

==============================================================================

    Total RO  Size (Code + RO Data)                31996 (  31.25kB)
    Total RW  Size (RW Data + ZI Data)             15592 (  15.23kB)
    Total ROM Size (Code + RO Data + RW Data)      33300 (  32.52kB)

==============================================================================

